ERROR 2025-05-20 02:28:49,121 log Internal Server Error: /transacoes/
Traceback (most recent call last):
  File "/home/suporte/dev/minhacarteira/venv/lib/python3.10/site-packages/cryptography/fernet.py", line 131, in _verify_signature
    h.verify(data[-32:])
cryptography.exceptions.InvalidSignature: Signature did not match digest.

During handling of the above exception, another exception occurred:

Traceback (most recent call last):
  File "/home/suporte/dev/minhacarteira/encrypted_model_fields/fields.py", line 84, in from_db_value
    decrypted = self.fernet.decrypt(value.encode()).decode()
  File "/home/suporte/dev/minhacarteira/venv/lib/python3.10/site-packages/cryptography/fernet.py", line 90, in decrypt
    return self._decrypt_data(data, timestamp, time_info)
  File "/home/suporte/dev/minhacarteira/venv/lib/python3.10/site-packages/cryptography/fernet.py", line 149, in _decrypt_data
    self._verify_signature(data)
  File "/home/suporte/dev/minhacarteira/venv/lib/python3.10/site-packages/cryptography/fernet.py", line 133, in _verify_signature
    raise InvalidToken
cryptography.fernet.InvalidToken

The above exception was the direct cause of the following exception:

Traceback (most recent call last):
  File "/home/suporte/dev/minhacarteira/venv/lib/python3.10/site-packages/django/core/handlers/exception.py", line 55, in inner
    response = get_response(request)
  File "/home/suporte/dev/minhacarteira/venv/lib/python3.10/site-packages/django/core/handlers/base.py", line 197, in _get_response
    response = wrapped_callback(request, *callback_args, **callback_kwargs)
  File "/home/suporte/dev/minhacarteira/venv/lib/python3.10/site-packages/django/contrib/auth/decorators.py", line 59, in _view_wrapper
    return view_func(request, *args, **kwargs)
  File "/home/suporte/dev/minhacarteira/cal/views/views_transacao.py", line 28, in listar_transacoes
    return render(request, 'cal/lista_transacoes.html', {'transacoes': transacoes})
  File "/home/suporte/dev/minhacarteira/venv/lib/python3.10/site-packages/django/shortcuts.py", line 25, in render
    content = loader.render_to_string(template_name, context, request, using=using)
  File "/home/suporte/dev/minhacarteira/venv/lib/python3.10/site-packages/django/template/loader.py", line 62, in render_to_string
    return template.render(context, request)
  File "/home/suporte/dev/minhacarteira/venv/lib/python3.10/site-packages/django/template/backends/django.py", line 107, in render
    return self.template.render(context)
  File "/home/suporte/dev/minhacarteira/venv/lib/python3.10/site-packages/django/template/base.py", line 169, in render
    with context.bind_template(self):
  File "/usr/lib/python3.10/contextlib.py", line 135, in __enter__
    return next(self.gen)
  File "/home/suporte/dev/minhacarteira/venv/lib/python3.10/site-packages/debug_toolbar/panels/templates/panel.py", line 50, in _request_context_bind_template
    context = processor(self.request)
  File "/home/suporte/dev/minhacarteira/cal/context_processors.py", line 19, in saldos_mensais
    print(f'transacoes_mes: {transacoes_mes}')
  File "/home/suporte/dev/minhacarteira/venv/lib/python3.10/site-packages/django/db/models/query.py", line 360, in __repr__
    data = list(self[: REPR_OUTPUT_SIZE + 1])
  File "/home/suporte/dev/minhacarteira/venv/lib/python3.10/site-packages/django/db/models/query.py", line 384, in __iter__
    self._fetch_all()
  File "/home/suporte/dev/minhacarteira/venv/lib/python3.10/site-packages/django/db/models/query.py", line 1945, in _fetch_all
    self._result_cache = list(self._iterable_class(self))
  File "/home/suporte/dev/minhacarteira/venv/lib/python3.10/site-packages/django/db/models/query.py", line 123, in __iter__
    for row in compiler.results_iter(results):
  File "/home/suporte/dev/minhacarteira/venv/lib/python3.10/site-packages/django/db/models/sql/compiler.py", line 1541, in apply_converters
    value = converter(value, expression, connection)
  File "/home/suporte/dev/minhacarteira/encrypted_model_fields/fields.py", line 88, in from_db_value
    raise ValueError("Failed to decrypt value") from e
ValueError: Failed to decrypt value
ERROR 2025-05-20 02:28:49,196 basehttp "GET /transacoes/ HTTP/1.1" 500 172041
ERROR 2025-05-20 02:32:23,732 log Internal Server Error: /
Traceback (most recent call last):
  File "/home/suporte/dev/minhacarteira/venv/lib/python3.10/site-packages/django/db/backends/utils.py", line 105, in _execute
    return self.cursor.execute(sql, params)
  File "/home/suporte/dev/minhacarteira/venv/lib/python3.10/site-packages/django/db/backends/sqlite3/base.py", line 360, in execute
    return super().execute(query, params)
sqlite3.OperationalError: no such column: cal_transacao.valor

The above exception was the direct cause of the following exception:

Traceback (most recent call last):
  File "/home/suporte/dev/minhacarteira/venv/lib/python3.10/site-packages/django/core/handlers/exception.py", line 55, in inner
    response = get_response(request)
  File "/home/suporte/dev/minhacarteira/venv/lib/python3.10/site-packages/django/core/handlers/base.py", line 197, in _get_response
    response = wrapped_callback(request, *callback_args, **callback_kwargs)
  File "/home/suporte/dev/minhacarteira/cal/views/views_user.py", line 60, in home
    return render(request, 'home.html', {})
  File "/home/suporte/dev/minhacarteira/venv/lib/python3.10/site-packages/django/shortcuts.py", line 25, in render
    content = loader.render_to_string(template_name, context, request, using=using)
  File "/home/suporte/dev/minhacarteira/venv/lib/python3.10/site-packages/django/template/loader.py", line 62, in render_to_string
    return template.render(context, request)
  File "/home/suporte/dev/minhacarteira/venv/lib/python3.10/site-packages/django/template/backends/django.py", line 107, in render
    return self.template.render(context)
  File "/home/suporte/dev/minhacarteira/venv/lib/python3.10/site-packages/django/template/base.py", line 169, in render
    with context.bind_template(self):
  File "/usr/lib/python3.10/contextlib.py", line 135, in __enter__
    return next(self.gen)
  File "/home/suporte/dev/minhacarteira/venv/lib/python3.10/site-packages/debug_toolbar/panels/templates/panel.py", line 50, in _request_context_bind_template
    context = processor(self.request)
  File "/home/suporte/dev/minhacarteira/cal/context_processors.py", line 19, in saldos_mensais
    print(f'transacoes_mes: {transacoes_mes}')
  File "/home/suporte/dev/minhacarteira/venv/lib/python3.10/site-packages/django/db/models/query.py", line 360, in __repr__
    data = list(self[: REPR_OUTPUT_SIZE + 1])
  File "/home/suporte/dev/minhacarteira/venv/lib/python3.10/site-packages/django/db/models/query.py", line 384, in __iter__
    self._fetch_all()
  File "/home/suporte/dev/minhacarteira/venv/lib/python3.10/site-packages/django/db/models/query.py", line 1945, in _fetch_all
    self._result_cache = list(self._iterable_class(self))
  File "/home/suporte/dev/minhacarteira/venv/lib/python3.10/site-packages/django/db/models/query.py", line 91, in __iter__
    results = compiler.execute_sql(
  File "/home/suporte/dev/minhacarteira/venv/lib/python3.10/site-packages/django/db/models/sql/compiler.py", line 1623, in execute_sql
    cursor.execute(sql, params)
  File "/home/suporte/dev/minhacarteira/venv/lib/python3.10/site-packages/debug_toolbar/panels/sql/tracking.py", line 235, in execute
    return self._record(super().execute, sql, params)
  File "/home/suporte/dev/minhacarteira/venv/lib/python3.10/site-packages/debug_toolbar/panels/sql/tracking.py", line 160, in _record
    return method(sql, params)
  File "/home/suporte/dev/minhacarteira/venv/lib/python3.10/site-packages/django/db/backends/utils.py", line 122, in execute
    return super().execute(sql, params)
  File "/home/suporte/dev/minhacarteira/venv/lib/python3.10/site-packages/django/db/backends/utils.py", line 79, in execute
    return self._execute_with_wrappers(
  File "/home/suporte/dev/minhacarteira/venv/lib/python3.10/site-packages/django/db/backends/utils.py", line 92, in _execute_with_wrappers
    return executor(sql, params, many, context)
  File "/home/suporte/dev/minhacarteira/venv/lib/python3.10/site-packages/django/db/backends/utils.py", line 100, in _execute
    with self.db.wrap_database_errors:
  File "/home/suporte/dev/minhacarteira/venv/lib/python3.10/site-packages/django/db/utils.py", line 91, in __exit__
    raise dj_exc_value.with_traceback(traceback) from exc_value
  File "/home/suporte/dev/minhacarteira/venv/lib/python3.10/site-packages/django/db/backends/utils.py", line 105, in _execute
    return self.cursor.execute(sql, params)
  File "/home/suporte/dev/minhacarteira/venv/lib/python3.10/site-packages/django/db/backends/sqlite3/base.py", line 360, in execute
    return super().execute(query, params)
django.db.utils.OperationalError: no such column: cal_transacao.valor
ERROR 2025-05-20 02:32:23,817 basehttp "GET / HTTP/1.1" 500 198287
ERROR 2025-05-20 02:45:50,796 log Internal Server Error: /transacao/nova/
Traceback (most recent call last):
  File "/home/suporte/dev/minhacarteira/venv/lib/python3.10/site-packages/django/core/handlers/exception.py", line 55, in inner
    response = get_response(request)
  File "/home/suporte/dev/minhacarteira/venv/lib/python3.10/site-packages/django/core/handlers/base.py", line 197, in _get_response
    response = wrapped_callback(request, *callback_args, **callback_kwargs)
  File "/home/suporte/dev/minhacarteira/venv/lib/python3.10/site-packages/django/contrib/auth/decorators.py", line 59, in _view_wrapper
    return view_func(request, *args, **kwargs)
  File "/home/suporte/dev/minhacarteira/cal/views/views_transacao.py", line 134, in transacao_view
    print(f'Transação: título={transacao.titulo}, valor=R$ {transacao.valor:.2f}')
ValueError: Unknown format code 'f' for object of type 'str'
ERROR 2025-05-20 02:45:50,848 basehttp "POST /transacao/nova/ HTTP/1.1" 500 88837
ERROR 2025-05-20 02:48:45,291 log Internal Server Error: /transacoes-mes/
Traceback (most recent call last):
  File "/home/suporte/dev/minhacarteira/venv/lib/python3.10/site-packages/django/core/handlers/exception.py", line 55, in inner
    response = get_response(request)
  File "/home/suporte/dev/minhacarteira/venv/lib/python3.10/site-packages/django/core/handlers/base.py", line 197, in _get_response
    response = wrapped_callback(request, *callback_args, **callback_kwargs)
  File "/home/suporte/dev/minhacarteira/venv/lib/python3.10/site-packages/django/contrib/auth/decorators.py", line 59, in _view_wrapper
    return view_func(request, *args, **kwargs)
  File "/home/suporte/dev/minhacarteira/cal/views/views_transacao.py", line 215, in transacoes_mes_view
    dados_por_tipo[t.tipo.descricao] += valor  # Agora soma Decimal com Decimal
TypeError: unsupported operand type(s) for +=: 'decimal.Decimal' and 'str'
ERROR 2025-05-20 02:48:45,340 basehttp "GET /transacoes-mes/ HTTP/1.1" 500 88574
ERROR 2025-05-20 02:49:03,110 log Internal Server Error: /transacoes-mes/
Traceback (most recent call last):
  File "/home/suporte/dev/minhacarteira/venv/lib/python3.10/site-packages/django/core/handlers/exception.py", line 55, in inner
    response = get_response(request)
  File "/home/suporte/dev/minhacarteira/venv/lib/python3.10/site-packages/django/core/handlers/base.py", line 197, in _get_response
    response = wrapped_callback(request, *callback_args, **callback_kwargs)
  File "/home/suporte/dev/minhacarteira/venv/lib/python3.10/site-packages/django/contrib/auth/decorators.py", line 59, in _view_wrapper
    return view_func(request, *args, **kwargs)
  File "/home/suporte/dev/minhacarteira/cal/views/views_transacao.py", line 215, in transacoes_mes_view
    dados_por_tipo[t.tipo.descricao] += valor  # Agora soma Decimal com Decimal
TypeError: unsupported operand type(s) for +=: 'decimal.Decimal' and 'str'
ERROR 2025-05-20 02:49:03,159 basehttp "GET /transacoes-mes/ HTTP/1.1" 500 88615
ERROR 2025-05-20 02:53:32,612 log Internal Server Error: /transacoes-mes/
Traceback (most recent call last):
  File "/home/suporte/dev/minhacarteira/venv/lib/python3.10/site-packages/django/core/handlers/exception.py", line 55, in inner
    response = get_response(request)
  File "/home/suporte/dev/minhacarteira/venv/lib/python3.10/site-packages/django/core/handlers/base.py", line 197, in _get_response
    response = wrapped_callback(request, *callback_args, **callback_kwargs)
  File "/home/suporte/dev/minhacarteira/venv/lib/python3.10/site-packages/django/contrib/auth/decorators.py", line 59, in _view_wrapper
    return view_func(request, *args, **kwargs)
  File "/home/suporte/dev/minhacarteira/cal/views/views_transacao.py", line 230, in transacoes_mes_view
    dados_por_tipo[t.tipo.descricao] += valor  # Agora soma Decimal com Decimal
TypeError: unsupported operand type(s) for +=: 'decimal.Decimal' and 'str'
ERROR 2025-05-20 02:53:32,680 basehttp "GET /transacoes-mes/ HTTP/1.1" 500 88617
ERROR 2025-05-20 02:53:33,730 log Internal Server Error: /transacoes-mes/
Traceback (most recent call last):
  File "/home/suporte/dev/minhacarteira/venv/lib/python3.10/site-packages/django/core/handlers/exception.py", line 55, in inner
    response = get_response(request)
  File "/home/suporte/dev/minhacarteira/venv/lib/python3.10/site-packages/django/core/handlers/base.py", line 197, in _get_response
    response = wrapped_callback(request, *callback_args, **callback_kwargs)
  File "/home/suporte/dev/minhacarteira/venv/lib/python3.10/site-packages/django/contrib/auth/decorators.py", line 59, in _view_wrapper
    return view_func(request, *args, **kwargs)
  File "/home/suporte/dev/minhacarteira/cal/views/views_transacao.py", line 230, in transacoes_mes_view
    dados_por_tipo[t.tipo.descricao] += valor  # Agora soma Decimal com Decimal
TypeError: unsupported operand type(s) for +=: 'decimal.Decimal' and 'str'
ERROR 2025-05-20 02:53:33,781 basehttp "GET /transacoes-mes/ HTTP/1.1" 500 88615
ERROR 2025-05-20 02:53:54,387 log Internal Server Error: /transacao/nova/
Traceback (most recent call last):
  File "/home/suporte/dev/minhacarteira/venv/lib/python3.10/site-packages/django/core/handlers/exception.py", line 55, in inner
    response = get_response(request)
  File "/home/suporte/dev/minhacarteira/venv/lib/python3.10/site-packages/django/core/handlers/base.py", line 197, in _get_response
    response = wrapped_callback(request, *callback_args, **callback_kwargs)
  File "/home/suporte/dev/minhacarteira/venv/lib/python3.10/site-packages/django/contrib/auth/decorators.py", line 59, in _view_wrapper
    return view_func(request, *args, **kwargs)
  File "/home/suporte/dev/minhacarteira/cal/views/views_transacao.py", line 150, in transacao_view
    print(f'Transação: título={transacao.titulo}, valor=R$ {valor_total:.2f}')
ValueError: Unknown format code 'f' for object of type 'str'
ERROR 2025-05-20 02:53:54,438 basehttp "POST /transacao/nova/ HTTP/1.1" 500 88928
ERROR 2025-05-20 02:54:45,392 log Internal Server Error: /calendar/
Traceback (most recent call last):
  File "/home/suporte/dev/minhacarteira/venv/lib/python3.10/site-packages/django/core/handlers/exception.py", line 55, in inner
    response = get_response(request)
  File "/home/suporte/dev/minhacarteira/venv/lib/python3.10/site-packages/django/core/handlers/base.py", line 197, in _get_response
    response = wrapped_callback(request, *callback_args, **callback_kwargs)
  File "/home/suporte/dev/minhacarteira/venv/lib/python3.10/site-packages/django/views/generic/base.py", line 104, in view
    return self.dispatch(request, *args, **kwargs)
  File "/home/suporte/dev/minhacarteira/venv/lib/python3.10/site-packages/django/utils/decorators.py", line 48, in _wrapper
    return bound_method(*args, **kwargs)
  File "/home/suporte/dev/minhacarteira/venv/lib/python3.10/site-packages/django/contrib/auth/decorators.py", line 59, in _view_wrapper
    return view_func(request, *args, **kwargs)
  File "/home/suporte/dev/minhacarteira/venv/lib/python3.10/site-packages/django/views/generic/base.py", line 143, in dispatch
    return handler(request, *args, **kwargs)
  File "/home/suporte/dev/minhacarteira/venv/lib/python3.10/site-packages/django/views/generic/list.py", line 178, in get
    context = self.get_context_data()
  File "/home/suporte/dev/minhacarteira/cal/views/views_cal.py", line 137, in get_context_data
    html_cal = cal.formatmonth(withyear=True, transacoes=transacoes_mes_atual)
  File "/home/suporte/dev/minhacarteira/cal/utils.py", line 49, in formatmonth
    cal += self.formatweek(week, transacoes)
  File "/home/suporte/dev/minhacarteira/cal/utils.py", line 35, in formatweek
    return '<tr>' + ''.join(self.formatday(d, transacoes) for d, _ in theweek) + '</tr>'
  File "/home/suporte/dev/minhacarteira/cal/utils.py", line 35, in <genexpr>
    return '<tr>' + ''.join(self.formatday(d, transacoes) for d, _ in theweek) + '</tr>'
  File "/home/suporte/dev/minhacarteira/cal/utils.py", line 25, in formatday
    itens = ''.join(f'<li><a href="{t.get_absolute_url()}">{t.titulo}{" - CC" if not t.valor else f" - R$ {t.valor:.2f}"}</a></li>'
  File "/home/suporte/dev/minhacarteira/cal/utils.py", line 25, in <genexpr>
    itens = ''.join(f'<li><a href="{t.get_absolute_url()}">{t.titulo}{" - CC" if not t.valor else f" - R$ {t.valor:.2f}"}</a></li>'
ValueError: Unknown format code 'f' for object of type 'str'
ERROR 2025-05-20 02:54:45,596 basehttp "GET /calendar/ HTTP/1.1" 500 135250
ERROR 2025-05-20 03:04:21,362 log Internal Server Error: /calendar/
Traceback (most recent call last):
  File "/home/suporte/dev/minhacarteira/cal/utils.py", line 76, in formatday
    valor = t.valor if isinstance(t.valor, (int, float, decimal.Decimal)) else decimal.Decimal(str(t.valor))
NameError: name 'decimal' is not defined

During handling of the above exception, another exception occurred:

Traceback (most recent call last):
  File "/home/suporte/dev/minhacarteira/venv/lib/python3.10/site-packages/django/core/handlers/exception.py", line 55, in inner
    response = get_response(request)
  File "/home/suporte/dev/minhacarteira/venv/lib/python3.10/site-packages/django/core/handlers/base.py", line 197, in _get_response
    response = wrapped_callback(request, *callback_args, **callback_kwargs)
  File "/home/suporte/dev/minhacarteira/venv/lib/python3.10/site-packages/django/views/generic/base.py", line 104, in view
    return self.dispatch(request, *args, **kwargs)
  File "/home/suporte/dev/minhacarteira/venv/lib/python3.10/site-packages/django/utils/decorators.py", line 48, in _wrapper
    return bound_method(*args, **kwargs)
  File "/home/suporte/dev/minhacarteira/venv/lib/python3.10/site-packages/django/contrib/auth/decorators.py", line 59, in _view_wrapper
    return view_func(request, *args, **kwargs)
  File "/home/suporte/dev/minhacarteira/venv/lib/python3.10/site-packages/django/views/generic/base.py", line 143, in dispatch
    return handler(request, *args, **kwargs)
  File "/home/suporte/dev/minhacarteira/venv/lib/python3.10/site-packages/django/views/generic/list.py", line 178, in get
    context = self.get_context_data()
  File "/home/suporte/dev/minhacarteira/cal/views/views_cal.py", line 137, in get_context_data
    html_cal = cal.formatmonth(withyear=True, transacoes=transacoes_mes_atual)
  File "/home/suporte/dev/minhacarteira/cal/utils.py", line 49, in formatmonth
    cal += self.formatweek(week, transacoes)
  File "/home/suporte/dev/minhacarteira/cal/utils.py", line 35, in formatweek
    return '<tr>' + ''.join(self.formatday(d, transacoes) for d, _ in theweek) + '</tr>'
  File "/home/suporte/dev/minhacarteira/cal/utils.py", line 35, in <genexpr>
    return '<tr>' + ''.join(self.formatday(d, transacoes) for d, _ in theweek) + '</tr>'
  File "/home/suporte/dev/minhacarteira/cal/utils.py", line 78, in formatday
    except (TypeError, ValueError, decimal.InvalidOperation):
NameError: name 'decimal' is not defined
ERROR 2025-05-20 03:04:21,598 basehttp "GET /calendar/ HTTP/1.1" 500 135647
ERROR 2025-05-20 03:04:23,330 log Internal Server Error: /calendar/
Traceback (most recent call last):
  File "/home/suporte/dev/minhacarteira/cal/utils.py", line 76, in formatday
    valor = t.valor if isinstance(t.valor, (int, float, decimal.Decimal)) else decimal.Decimal(str(t.valor))
NameError: name 'decimal' is not defined

During handling of the above exception, another exception occurred:

Traceback (most recent call last):
  File "/home/suporte/dev/minhacarteira/venv/lib/python3.10/site-packages/django/core/handlers/exception.py", line 55, in inner
    response = get_response(request)
  File "/home/suporte/dev/minhacarteira/venv/lib/python3.10/site-packages/django/core/handlers/base.py", line 197, in _get_response
    response = wrapped_callback(request, *callback_args, **callback_kwargs)
  File "/home/suporte/dev/minhacarteira/venv/lib/python3.10/site-packages/django/views/generic/base.py", line 104, in view
    return self.dispatch(request, *args, **kwargs)
  File "/home/suporte/dev/minhacarteira/venv/lib/python3.10/site-packages/django/utils/decorators.py", line 48, in _wrapper
    return bound_method(*args, **kwargs)
  File "/home/suporte/dev/minhacarteira/venv/lib/python3.10/site-packages/django/contrib/auth/decorators.py", line 59, in _view_wrapper
    return view_func(request, *args, **kwargs)
  File "/home/suporte/dev/minhacarteira/venv/lib/python3.10/site-packages/django/views/generic/base.py", line 143, in dispatch
    return handler(request, *args, **kwargs)
  File "/home/suporte/dev/minhacarteira/venv/lib/python3.10/site-packages/django/views/generic/list.py", line 178, in get
    context = self.get_context_data()
  File "/home/suporte/dev/minhacarteira/cal/views/views_cal.py", line 137, in get_context_data
    html_cal = cal.formatmonth(withyear=True, transacoes=transacoes_mes_atual)
  File "/home/suporte/dev/minhacarteira/cal/utils.py", line 49, in formatmonth
    cal += self.formatweek(week, transacoes)
  File "/home/suporte/dev/minhacarteira/cal/utils.py", line 35, in formatweek
    return '<tr>' + ''.join(self.formatday(d, transacoes) for d, _ in theweek) + '</tr>'
  File "/home/suporte/dev/minhacarteira/cal/utils.py", line 35, in <genexpr>
    return '<tr>' + ''.join(self.formatday(d, transacoes) for d, _ in theweek) + '</tr>'
  File "/home/suporte/dev/minhacarteira/cal/utils.py", line 78, in formatday
    except (TypeError, ValueError, decimal.InvalidOperation):
NameError: name 'decimal' is not defined
ERROR 2025-05-20 03:04:23,397 basehttp "GET /calendar/ HTTP/1.1" 500 135647
ERROR 2025-05-20 03:04:30,972 log Internal Server Error: /calendar/
Traceback (most recent call last):
  File "/home/suporte/dev/minhacarteira/cal/utils.py", line 76, in formatday
    valor = t.valor if isinstance(t.valor, (int, float, decimal.Decimal)) else decimal.Decimal(str(t.valor))
NameError: name 'decimal' is not defined

During handling of the above exception, another exception occurred:

Traceback (most recent call last):
  File "/home/suporte/dev/minhacarteira/venv/lib/python3.10/site-packages/django/core/handlers/exception.py", line 55, in inner
    response = get_response(request)
  File "/home/suporte/dev/minhacarteira/venv/lib/python3.10/site-packages/django/core/handlers/base.py", line 197, in _get_response
    response = wrapped_callback(request, *callback_args, **callback_kwargs)
  File "/home/suporte/dev/minhacarteira/venv/lib/python3.10/site-packages/django/views/generic/base.py", line 104, in view
    return self.dispatch(request, *args, **kwargs)
  File "/home/suporte/dev/minhacarteira/venv/lib/python3.10/site-packages/django/utils/decorators.py", line 48, in _wrapper
    return bound_method(*args, **kwargs)
  File "/home/suporte/dev/minhacarteira/venv/lib/python3.10/site-packages/django/contrib/auth/decorators.py", line 59, in _view_wrapper
    return view_func(request, *args, **kwargs)
  File "/home/suporte/dev/minhacarteira/venv/lib/python3.10/site-packages/django/views/generic/base.py", line 143, in dispatch
    return handler(request, *args, **kwargs)
  File "/home/suporte/dev/minhacarteira/venv/lib/python3.10/site-packages/django/views/generic/list.py", line 178, in get
    context = self.get_context_data()
  File "/home/suporte/dev/minhacarteira/cal/views/views_cal.py", line 137, in get_context_data
    html_cal = cal.formatmonth(withyear=True, transacoes=transacoes_mes_atual)
  File "/home/suporte/dev/minhacarteira/cal/utils.py", line 49, in formatmonth
    cal += self.formatweek(week, transacoes)
  File "/home/suporte/dev/minhacarteira/cal/utils.py", line 35, in formatweek
    return '<tr>' + ''.join(self.formatday(d, transacoes) for d, _ in theweek) + '</tr>'
  File "/home/suporte/dev/minhacarteira/cal/utils.py", line 35, in <genexpr>
    return '<tr>' + ''.join(self.formatday(d, transacoes) for d, _ in theweek) + '</tr>'
  File "/home/suporte/dev/minhacarteira/cal/utils.py", line 78, in formatday
    except (TypeError, ValueError, decimal.InvalidOperation):
NameError: name 'decimal' is not defined
ERROR 2025-05-20 03:04:31,040 basehttp "GET /calendar/ HTTP/1.1" 500 135632
ERROR 2025-05-20 03:04:51,351 log Internal Server Error: /transacoes-mes/
Traceback (most recent call last):
  File "/home/suporte/dev/minhacarteira/venv/lib/python3.10/site-packages/django/core/handlers/exception.py", line 55, in inner
    response = get_response(request)
  File "/home/suporte/dev/minhacarteira/venv/lib/python3.10/site-packages/django/core/handlers/base.py", line 197, in _get_response
    response = wrapped_callback(request, *callback_args, **callback_kwargs)
  File "/home/suporte/dev/minhacarteira/venv/lib/python3.10/site-packages/django/contrib/auth/decorators.py", line 59, in _view_wrapper
    return view_func(request, *args, **kwargs)
  File "/home/suporte/dev/minhacarteira/cal/views/views_transacao.py", line 230, in transacoes_mes_view
    dados_por_tipo[t.tipo.descricao] += valor  # Agora soma Decimal com Decimal
TypeError: unsupported operand type(s) for +=: 'decimal.Decimal' and 'str'
ERROR 2025-05-20 03:04:51,401 basehttp "GET /transacoes-mes/ HTTP/1.1" 500 88658
ERROR 2025-05-20 03:05:01,576 log Internal Server Error: /transacoes-mes/
Traceback (most recent call last):
  File "/home/suporte/dev/minhacarteira/venv/lib/python3.10/site-packages/django/core/handlers/exception.py", line 55, in inner
    response = get_response(request)
  File "/home/suporte/dev/minhacarteira/venv/lib/python3.10/site-packages/django/core/handlers/base.py", line 197, in _get_response
    response = wrapped_callback(request, *callback_args, **callback_kwargs)
  File "/home/suporte/dev/minhacarteira/venv/lib/python3.10/site-packages/django/contrib/auth/decorators.py", line 59, in _view_wrapper
    return view_func(request, *args, **kwargs)
  File "/home/suporte/dev/minhacarteira/cal/views/views_transacao.py", line 230, in transacoes_mes_view
    dados_por_tipo[t.tipo.descricao] += valor  # Agora soma Decimal com Decimal
TypeError: unsupported operand type(s) for +=: 'decimal.Decimal' and 'str'
ERROR 2025-05-20 03:05:01,621 basehttp "GET /transacoes-mes/ HTTP/1.1" 500 88658
ERROR 2025-05-20 09:21:02,021 log Internal Server Error: /transacoes-mes/
Traceback (most recent call last):
  File "/home/suporte/dev/minhacarteira/venv/lib/python3.10/site-packages/django/core/handlers/exception.py", line 55, in inner
    response = get_response(request)
  File "/home/suporte/dev/minhacarteira/venv/lib/python3.10/site-packages/django/core/handlers/base.py", line 197, in _get_response
    response = wrapped_callback(request, *callback_args, **callback_kwargs)
  File "/home/suporte/dev/minhacarteira/venv/lib/python3.10/site-packages/django/contrib/auth/decorators.py", line 59, in _view_wrapper
    return view_func(request, *args, **kwargs)
  File "/home/suporte/dev/minhacarteira/cal/views/views_transacao.py", line 230, in transacoes_mes_view
    dados_por_tipo[t.tipo.descricao] += valor  # Agora soma Decimal com Decimal
TypeError: unsupported operand type(s) for +=: 'decimal.Decimal' and 'str'
ERROR 2025-05-20 09:21:02,057 basehttp "GET /transacoes-mes/ HTTP/1.1" 500 89781
ERROR 2025-05-20 10:04:01,024 log Internal Server Error: /calendar/
Traceback (most recent call last):
  File "/home/suporte/dev/minhacarteira/cal/utils.py", line 76, in formatday
    valor = t.valor if isinstance(t.valor, (int, float, decimal.Decimal)) else decimal.Decimal(str(t.valor))
NameError: name 'decimal' is not defined

During handling of the above exception, another exception occurred:

Traceback (most recent call last):
  File "/home/suporte/dev/minhacarteira/venv/lib/python3.10/site-packages/django/core/handlers/exception.py", line 55, in inner
    response = get_response(request)
  File "/home/suporte/dev/minhacarteira/venv/lib/python3.10/site-packages/django/core/handlers/base.py", line 197, in _get_response
    response = wrapped_callback(request, *callback_args, **callback_kwargs)
  File "/home/suporte/dev/minhacarteira/venv/lib/python3.10/site-packages/django/views/generic/base.py", line 104, in view
    return self.dispatch(request, *args, **kwargs)
  File "/home/suporte/dev/minhacarteira/venv/lib/python3.10/site-packages/django/utils/decorators.py", line 48, in _wrapper
    return bound_method(*args, **kwargs)
  File "/home/suporte/dev/minhacarteira/venv/lib/python3.10/site-packages/django/contrib/auth/decorators.py", line 59, in _view_wrapper
    return view_func(request, *args, **kwargs)
  File "/home/suporte/dev/minhacarteira/venv/lib/python3.10/site-packages/django/views/generic/base.py", line 143, in dispatch
    return handler(request, *args, **kwargs)
  File "/home/suporte/dev/minhacarteira/venv/lib/python3.10/site-packages/django/views/generic/list.py", line 178, in get
    context = self.get_context_data()
  File "/home/suporte/dev/minhacarteira/cal/views/views_cal.py", line 137, in get_context_data
    html_cal = cal.formatmonth(withyear=True, transacoes=transacoes_mes_atual)
  File "/home/suporte/dev/minhacarteira/cal/utils.py", line 49, in formatmonth
    cal += self.formatweek(week, transacoes)
  File "/home/suporte/dev/minhacarteira/cal/utils.py", line 35, in formatweek
    return '<tr>' + ''.join(self.formatday(d, transacoes) for d, _ in theweek) + '</tr>'
  File "/home/suporte/dev/minhacarteira/cal/utils.py", line 35, in <genexpr>
    return '<tr>' + ''.join(self.formatday(d, transacoes) for d, _ in theweek) + '</tr>'
  File "/home/suporte/dev/minhacarteira/cal/utils.py", line 78, in formatday
    except (TypeError, ValueError, decimal.InvalidOperation):
NameError: name 'decimal' is not defined
ERROR 2025-05-20 10:04:01,200 basehttp "GET /calendar/ HTTP/1.1" 500 136774
ERROR 2025-05-20 10:10:45,728 log Internal Server Error: /transacao/nova/
Traceback (most recent call last):
  File "/home/suporte/dev/minhacarteira/venv/lib/python3.10/site-packages/django/core/handlers/exception.py", line 55, in inner
    response = get_response(request)
  File "/home/suporte/dev/minhacarteira/venv/lib/python3.10/site-packages/django/core/handlers/base.py", line 197, in _get_response
    response = wrapped_callback(request, *callback_args, **callback_kwargs)
  File "/home/suporte/dev/minhacarteira/venv/lib/python3.10/site-packages/django/contrib/auth/decorators.py", line 59, in _view_wrapper
    return view_func(request, *args, **kwargs)
  File "/home/suporte/dev/minhacarteira/cal/views/views_transacao.py", line 129, in transacao_view
    valor=valor_total / parcelas,
TypeError: unsupported operand type(s) for /: 'str' and 'int'
ERROR 2025-05-20 10:10:45,771 basehttp "POST /transacao/nova/ HTTP/1.1" 500 90097
WARNING 2025-05-20 10:31:28,663 log Not Found: /favicon.ico
WARNING 2025-05-20 10:31:54,086 log Not Found: /favicon.ico
ERROR 2025-05-20 11:34:37,461 log Internal Server Error: /transacoes-mes/
Traceback (most recent call last):
  File "/home/suporte/dev/minhacarteira/venv/lib/python3.10/site-packages/django/template/backends/django.py", line 107, in render
    return self.template.render(context)
  File "/home/suporte/dev/minhacarteira/venv/lib/python3.10/site-packages/django/template/base.py", line 171, in render
    return self._render(context)
  File "/home/suporte/dev/minhacarteira/venv/lib/python3.10/site-packages/django/test/utils.py", line 114, in instrumented_test_render
    return self.nodelist.render(context)
  File "/home/suporte/dev/minhacarteira/venv/lib/python3.10/site-packages/django/template/base.py", line 1016, in render
    return SafeString("".join([node.render_annotated(context) for node in self]))
  File "/home/suporte/dev/minhacarteira/venv/lib/python3.10/site-packages/django/template/base.py", line 1016, in <listcomp>
    return SafeString("".join([node.render_annotated(context) for node in self]))
  File "/home/suporte/dev/minhacarteira/venv/lib/python3.10/site-packages/django/template/base.py", line 977, in render_annotated
    return self.render(context)
  File "/home/suporte/dev/minhacarteira/venv/lib/python3.10/site-packages/django/template/loader_tags.py", line 159, in render
    return compiled_parent._render(context)
  File "/home/suporte/dev/minhacarteira/venv/lib/python3.10/site-packages/django/test/utils.py", line 114, in instrumented_test_render
    return self.nodelist.render(context)
  File "/home/suporte/dev/minhacarteira/venv/lib/python3.10/site-packages/django/template/base.py", line 1016, in render
    return SafeString("".join([node.render_annotated(context) for node in self]))
  File "/home/suporte/dev/minhacarteira/venv/lib/python3.10/site-packages/django/template/base.py", line 1016, in <listcomp>
    return SafeString("".join([node.render_annotated(context) for node in self]))
  File "/home/suporte/dev/minhacarteira/venv/lib/python3.10/site-packages/django/template/base.py", line 977, in render_annotated
    return self.render(context)
  File "/home/suporte/dev/minhacarteira/venv/lib/python3.10/site-packages/django/template/loader_tags.py", line 65, in render
    result = block.nodelist.render(context)
  File "/home/suporte/dev/minhacarteira/venv/lib/python3.10/site-packages/django/template/base.py", line 1016, in render
    return SafeString("".join([node.render_annotated(context) for node in self]))
  File "/home/suporte/dev/minhacarteira/venv/lib/python3.10/site-packages/django/template/base.py", line 1016, in <listcomp>
    return SafeString("".join([node.render_annotated(context) for node in self]))
  File "/home/suporte/dev/minhacarteira/venv/lib/python3.10/site-packages/django/template/base.py", line 977, in render_annotated
    return self.render(context)
  File "/home/suporte/dev/minhacarteira/venv/lib/python3.10/site-packages/django/template/loader_tags.py", line 199, in render
    template = context.template.engine.select_template(template_name)
  File "/home/suporte/dev/minhacarteira/venv/lib/python3.10/site-packages/django/template/engine.py", line 214, in select_template
    raise TemplateDoesNotExist(", ".join(not_found))
django.template.exceptions.TemplateDoesNotExist: cal/partials/_dashboard_cards.html

The above exception was the direct cause of the following exception:

Traceback (most recent call last):
  File "/home/suporte/dev/minhacarteira/venv/lib/python3.10/site-packages/django/core/handlers/exception.py", line 55, in inner
    response = get_response(request)
  File "/home/suporte/dev/minhacarteira/venv/lib/python3.10/site-packages/django/core/handlers/base.py", line 197, in _get_response
    response = wrapped_callback(request, *callback_args, **callback_kwargs)
  File "/home/suporte/dev/minhacarteira/venv/lib/python3.10/site-packages/django/contrib/auth/decorators.py", line 59, in _view_wrapper
    return view_func(request, *args, **kwargs)
  File "/home/suporte/dev/minhacarteira/cal/views/views_transacao.py", line 362, in transacoes_mes_view
    return render(request, 'cal/transacoes_mes.html', contexto)
  File "/home/suporte/dev/minhacarteira/venv/lib/python3.10/site-packages/django/shortcuts.py", line 25, in render
    content = loader.render_to_string(template_name, context, request, using=using)
  File "/home/suporte/dev/minhacarteira/venv/lib/python3.10/site-packages/django/template/loader.py", line 62, in render_to_string
    return template.render(context, request)
  File "/home/suporte/dev/minhacarteira/venv/lib/python3.10/site-packages/django/template/backends/django.py", line 109, in render
    reraise(exc, self.backend)
  File "/home/suporte/dev/minhacarteira/venv/lib/python3.10/site-packages/django/template/backends/django.py", line 130, in reraise
    raise new from exc
django.template.exceptions.TemplateDoesNotExist: cal/partials/_dashboard_cards.html
ERROR 2025-05-20 11:34:37,533 basehttp "GET /transacoes-mes/ HTTP/1.1" 500 199759
WARNING 2025-05-20 14:59:04,322 log Not Found: /favicon.ico
ERROR 2025-05-20 15:09:33,925 log Internal Server Error: /categorias/
Traceback (most recent call last):
  File "/home/suporte/dev/minhacarteira/venv/lib/python3.10/site-packages/django/core/handlers/exception.py", line 55, in inner
    response = get_response(request)
  File "/home/suporte/dev/minhacarteira/venv/lib/python3.10/site-packages/django/core/handlers/base.py", line 197, in _get_response
    response = wrapped_callback(request, *callback_args, **callback_kwargs)
  File "/home/suporte/dev/minhacarteira/cal/views/views_categoria.py", line 10, in categoria_list
    return render(request, 'cal/categorias.html', {'categorias': categorias})
  File "/home/suporte/dev/minhacarteira/venv/lib/python3.10/site-packages/django/shortcuts.py", line 25, in render
    content = loader.render_to_string(template_name, context, request, using=using)
  File "/home/suporte/dev/minhacarteira/venv/lib/python3.10/site-packages/django/template/loader.py", line 61, in render_to_string
    template = get_template(template_name, using=using)
  File "/home/suporte/dev/minhacarteira/venv/lib/python3.10/site-packages/django/template/loader.py", line 19, in get_template
    raise TemplateDoesNotExist(template_name, chain=chain)
django.template.exceptions.TemplateDoesNotExist: cal/categorias.html
ERROR 2025-05-20 15:09:33,973 basehttp "GET /categorias/ HTTP/1.1" 500 98422
ERROR 2025-05-20 15:09:39,264 log Internal Server Error: /categorias/
Traceback (most recent call last):
  File "/home/suporte/dev/minhacarteira/venv/lib/python3.10/site-packages/django/core/handlers/exception.py", line 55, in inner
    response = get_response(request)
  File "/home/suporte/dev/minhacarteira/venv/lib/python3.10/site-packages/django/core/handlers/base.py", line 197, in _get_response
    response = wrapped_callback(request, *callback_args, **callback_kwargs)
  File "/home/suporte/dev/minhacarteira/cal/views/views_categoria.py", line 10, in categoria_list
    return render(request, 'cal/categorias.html', {'categorias': categorias})
  File "/home/suporte/dev/minhacarteira/venv/lib/python3.10/site-packages/django/shortcuts.py", line 25, in render
    content = loader.render_to_string(template_name, context, request, using=using)
  File "/home/suporte/dev/minhacarteira/venv/lib/python3.10/site-packages/django/template/loader.py", line 61, in render_to_string
    template = get_template(template_name, using=using)
  File "/home/suporte/dev/minhacarteira/venv/lib/python3.10/site-packages/django/template/loader.py", line 19, in get_template
    raise TemplateDoesNotExist(template_name, chain=chain)
django.template.exceptions.TemplateDoesNotExist: cal/categorias.html
ERROR 2025-05-20 15:09:39,300 basehttp "GET /categorias/ HTTP/1.1" 500 98409
ERROR 2025-05-20 15:09:59,498 log Internal Server Error: /categorias/
Traceback (most recent call last):
  File "/home/suporte/dev/minhacarteira/venv/lib/python3.10/site-packages/django/core/handlers/exception.py", line 55, in inner
    response = get_response(request)
  File "/home/suporte/dev/minhacarteira/venv/lib/python3.10/site-packages/django/core/handlers/base.py", line 197, in _get_response
    response = wrapped_callback(request, *callback_args, **callback_kwargs)
  File "/home/suporte/dev/minhacarteira/cal/views/views_categoria.py", line 10, in categoria_list
    return render(request, 'cal/categorias_list.html', {'categorias': categorias})
  File "/home/suporte/dev/minhacarteira/venv/lib/python3.10/site-packages/django/shortcuts.py", line 25, in render
    content = loader.render_to_string(template_name, context, request, using=using)
  File "/home/suporte/dev/minhacarteira/venv/lib/python3.10/site-packages/django/template/loader.py", line 61, in render_to_string
    template = get_template(template_name, using=using)
  File "/home/suporte/dev/minhacarteira/venv/lib/python3.10/site-packages/django/template/loader.py", line 19, in get_template
    raise TemplateDoesNotExist(template_name, chain=chain)
django.template.exceptions.TemplateDoesNotExist: cal/categorias_list.html
ERROR 2025-05-20 15:09:59,547 basehttp "GET /categorias/ HTTP/1.1" 500 98499
ERROR 2025-05-20 15:10:04,237 log Internal Server Error: /categorias/
Traceback (most recent call last):
  File "/home/suporte/dev/minhacarteira/venv/lib/python3.10/site-packages/django/core/handlers/exception.py", line 55, in inner
    response = get_response(request)
  File "/home/suporte/dev/minhacarteira/venv/lib/python3.10/site-packages/django/core/handlers/base.py", line 197, in _get_response
    response = wrapped_callback(request, *callback_args, **callback_kwargs)
  File "/home/suporte/dev/minhacarteira/cal/views/views_categoria.py", line 10, in categoria_list
    return render(request, 'cal/categorias_list.html', {'categorias': categorias})
  File "/home/suporte/dev/minhacarteira/venv/lib/python3.10/site-packages/django/shortcuts.py", line 25, in render
    content = loader.render_to_string(template_name, context, request, using=using)
  File "/home/suporte/dev/minhacarteira/venv/lib/python3.10/site-packages/django/template/loader.py", line 61, in render_to_string
    template = get_template(template_name, using=using)
  File "/home/suporte/dev/minhacarteira/venv/lib/python3.10/site-packages/django/template/loader.py", line 19, in get_template
    raise TemplateDoesNotExist(template_name, chain=chain)
django.template.exceptions.TemplateDoesNotExist: cal/categorias_list.html
ERROR 2025-05-20 15:10:04,276 basehttp "GET /categorias/ HTTP/1.1" 500 98499
ERROR 2025-05-20 15:23:55,212 log Internal Server Error: /transacoes-mes/
Traceback (most recent call last):
  File "/home/suporte/dev/minhacarteira/venv/lib/python3.10/site-packages/django/core/handlers/exception.py", line 55, in inner
    response = get_response(request)
  File "/home/suporte/dev/minhacarteira/venv/lib/python3.10/site-packages/django/core/handlers/base.py", line 197, in _get_response
    response = wrapped_callback(request, *callback_args, **callback_kwargs)
  File "/home/suporte/dev/minhacarteira/venv/lib/python3.10/site-packages/django/contrib/auth/decorators.py", line 59, in _view_wrapper
    return view_func(request, *args, **kwargs)
  File "/home/suporte/dev/minhacarteira/cal/views/views_transacao.py", line 341, in transacoes_mes_view
    categorias = [item['categoria'] for item in dados_por_categoria]
  File "/home/suporte/dev/minhacarteira/cal/views/views_transacao.py", line 341, in <listcomp>
    categorias = [item['categoria'] for item in dados_por_categoria]
KeyError: 'categoria'
ERROR 2025-05-20 15:23:55,269 basehttp "GET /transacoes-mes/ HTTP/1.1" 500 94230
WARNING 2025-05-20 15:23:55,317 log Not Found: /favicon.ico
WARNING 2025-05-22 17:34:34,268 basehttp "GET /static/css/style.css HTTP/1.1" 404 1853
WARNING 2025-05-22 17:34:36,746 basehttp "GET /static/css/style.css HTTP/1.1" 404 1853
WARNING 2025-05-22 17:34:39,596 basehttp "GET /static/css/style.css HTTP/1.1" 404 1853
WARNING 2025-05-22 17:34:43,059 basehttp "GET /static/css/style.css HTTP/1.1" 404 1853
WARNING 2025-05-22 17:35:25,598 basehttp "GET /static/css/style.css HTTP/1.1" 404 1853
WARNING 2025-05-22 17:35:28,633 log Not Found: /favicon.ico
WARNING 2025-05-22 17:35:33,090 log Not Found: /favicon.ico
WARNING 2025-05-22 17:35:34,864 log Not Found: /favicon.ico
WARNING 2025-05-22 17:36:11,048 basehttp "GET /static/css/style.css HTTP/1.1" 404 1853
WARNING 2025-05-22 17:36:14,477 basehttp "GET /static/css/style.css HTTP/1.1" 404 1853
WARNING 2025-05-22 17:36:18,489 basehttp "GET /static/css/style.css HTTP/1.1" 404 1853
WARNING 2025-05-22 17:36:20,990 basehttp "GET /static/css/style.css HTTP/1.1" 404 1853
WARNING 2025-05-22 17:36:29,077 basehttp "GET /static/css/style.css HTTP/1.1" 404 1853
WARNING 2025-05-22 17:36:33,994 basehttp "GET /static/css/style.css HTTP/1.1" 404 1853
WARNING 2025-05-22 17:36:39,443 basehttp "GET /static/css/style.css HTTP/1.1" 404 1853
WARNING 2025-05-22 17:36:40,809 basehttp "GET /static/css/style.css HTTP/1.1" 404 1853
WARNING 2025-05-22 17:38:31,131 basehttp "GET /static/css/style.css HTTP/1.1" 404 1853
WARNING 2025-05-23 10:45:12,072 basehttp "GET /static/css/style.css HTTP/1.1" 404 1853
WARNING 2025-05-23 10:45:13,473 basehttp "GET /static/css/style.css HTTP/1.1" 404 1853
WARNING 2025-05-23 10:45:18,108 basehttp "GET /static/css/style.css HTTP/1.1" 404 1853
WARNING 2025-05-23 10:45:56,505 basehttp "GET /static/css/style.css HTTP/1.1" 404 1853
WARNING 2025-05-23 10:46:14,271 basehttp "GET /static/css/style.css HTTP/1.1" 404 1853
WARNING 2025-05-23 10:46:16,822 basehttp "GET /static/css/style.css HTTP/1.1" 404 1853
WARNING 2025-05-23 10:46:23,116 basehttp "GET /static/css/style.css HTTP/1.1" 404 1853
WARNING 2025-05-23 10:46:30,292 basehttp "GET /static/css/style.css HTTP/1.1" 404 1853
WARNING 2025-05-23 10:46:32,434 basehttp "GET /static/css/style.css HTTP/1.1" 404 1853
WARNING 2025-05-23 10:46:36,481 basehttp "GET /static/css/style.css HTTP/1.1" 404 1853
WARNING 2025-05-23 10:46:39,631 basehttp "GET /static/css/style.css HTTP/1.1" 404 1853
WARNING 2025-05-23 10:47:43,718 basehttp "GET /static/css/style.css HTTP/1.1" 404 1853
WARNING 2025-05-23 10:48:22,715 basehttp "GET /static/css/style.css HTTP/1.1" 404 1853
WARNING 2025-05-23 10:53:32,177 basehttp "GET /static/css/style.css HTTP/1.1" 404 1853
WARNING 2025-05-23 10:53:36,067 basehttp "GET /static/css/style.css HTTP/1.1" 404 1853
WARNING 2025-05-23 10:53:42,896 basehttp "GET /static/css/style.css HTTP/1.1" 404 1853
WARNING 2025-05-23 10:53:44,158 basehttp "GET /static/css/style.css HTTP/1.1" 404 1853
WARNING 2025-05-23 10:53:46,354 basehttp "GET /static/css/style.css HTTP/1.1" 404 1853
WARNING 2025-05-23 10:55:33,211 basehttp "GET /static/css/style.css HTTP/1.1" 404 1853
WARNING 2025-05-23 10:56:12,663 basehttp "GET /static/css/style.css HTTP/1.1" 404 1853
WARNING 2025-05-23 10:56:26,278 basehttp "GET /static/css/style.css HTTP/1.1" 404 1853
WARNING 2025-05-23 10:57:42,650 basehttp "GET /static/css/style.css HTTP/1.1" 404 1853
WARNING 2025-05-23 10:57:43,665 basehttp "GET /static/css/style.css HTTP/1.1" 404 1853
WARNING 2025-05-23 11:14:51,561 basehttp "GET /static/css/style.css HTTP/1.1" 404 1853
WARNING 2025-05-23 11:16:42,424 basehttp "GET /static/css/style.css HTTP/1.1" 404 1853
WARNING 2025-05-23 11:18:48,932 basehttp "GET /static/css/style.css HTTP/1.1" 404 1853
WARNING 2025-05-23 11:19:17,626 basehttp "GET /static/css/style.css HTTP/1.1" 404 1853
WARNING 2025-05-23 11:38:41,831 basehttp "GET /static/css/style.css HTTP/1.1" 404 1853
ERROR 2025-05-23 11:38:43,240 log Internal Server Error: /metas/
Traceback (most recent call last):
  File "/home/suporte/dev/minhacarteira/venv/lib/python3.10/site-packages/django/core/handlers/exception.py", line 55, in inner
    response = get_response(request)
  File "/home/suporte/dev/minhacarteira/venv/lib/python3.10/site-packages/django/core/handlers/base.py", line 197, in _get_response
    response = wrapped_callback(request, *callback_args, **callback_kwargs)
  File "/home/suporte/dev/minhacarteira/venv/lib/python3.10/site-packages/django/contrib/auth/decorators.py", line 59, in _view_wrapper
    return view_func(request, *args, **kwargs)
  File "/home/suporte/dev/minhacarteira/cal/views/views_meta.py", line 52, in metas_dashboard
    return render(request, 'cal/metas_dashboard.html', {
  File "/home/suporte/dev/minhacarteira/venv/lib/python3.10/site-packages/django/shortcuts.py", line 25, in render
    content = loader.render_to_string(template_name, context, request, using=using)
  File "/home/suporte/dev/minhacarteira/venv/lib/python3.10/site-packages/django/template/loader.py", line 61, in render_to_string
    template = get_template(template_name, using=using)
  File "/home/suporte/dev/minhacarteira/venv/lib/python3.10/site-packages/django/template/loader.py", line 15, in get_template
    return engine.get_template(template_name)
  File "/home/suporte/dev/minhacarteira/venv/lib/python3.10/site-packages/django/template/backends/django.py", line 79, in get_template
    return Template(self.engine.get_template(template_name), self)
  File "/home/suporte/dev/minhacarteira/venv/lib/python3.10/site-packages/django/template/engine.py", line 177, in get_template
    template, origin = self.find_template(template_name)
  File "/home/suporte/dev/minhacarteira/venv/lib/python3.10/site-packages/django/template/engine.py", line 159, in find_template
    template = loader.get_template(name, skip=skip)
  File "/home/suporte/dev/minhacarteira/venv/lib/python3.10/site-packages/django/template/loaders/cached.py", line 57, in get_template
    template = super().get_template(template_name, skip)
  File "/home/suporte/dev/minhacarteira/venv/lib/python3.10/site-packages/django/template/loaders/base.py", line 28, in get_template
    return Template(
  File "/home/suporte/dev/minhacarteira/venv/lib/python3.10/site-packages/django/template/base.py", line 154, in __init__
    self.nodelist = self.compile_nodelist()
  File "/home/suporte/dev/minhacarteira/venv/lib/python3.10/site-packages/django/template/base.py", line 196, in compile_nodelist
    nodelist = parser.parse()
  File "/home/suporte/dev/minhacarteira/venv/lib/python3.10/site-packages/django/template/base.py", line 518, in parse
    raise self.error(token, e)
  File "/home/suporte/dev/minhacarteira/venv/lib/python3.10/site-packages/django/template/base.py", line 516, in parse
    compiled_result = compile_func(self, token)
  File "/home/suporte/dev/minhacarteira/venv/lib/python3.10/site-packages/django/template/loader_tags.py", line 299, in do_extends
    nodelist = parser.parse()
  File "/home/suporte/dev/minhacarteira/venv/lib/python3.10/site-packages/django/template/base.py", line 518, in parse
    raise self.error(token, e)
  File "/home/suporte/dev/minhacarteira/venv/lib/python3.10/site-packages/django/template/base.py", line 516, in parse
    compiled_result = compile_func(self, token)
  File "/home/suporte/dev/minhacarteira/venv/lib/python3.10/site-packages/django/template/loader_tags.py", line 234, in do_block
    nodelist = parser.parse(("endblock",))
  File "/home/suporte/dev/minhacarteira/venv/lib/python3.10/site-packages/django/template/base.py", line 489, in parse
    raise self.error(token, e)
  File "/home/suporte/dev/minhacarteira/venv/lib/python3.10/site-packages/django/template/base.py", line 487, in parse
    filter_expression = self.compile_filter(token.contents)
  File "/home/suporte/dev/minhacarteira/venv/lib/python3.10/site-packages/django/template/base.py", line 609, in compile_filter
    return FilterExpression(token, self)
  File "/home/suporte/dev/minhacarteira/venv/lib/python3.10/site-packages/django/template/base.py", line 705, in __init__
    filter_func = parser.find_filter(filter_name)
  File "/home/suporte/dev/minhacarteira/venv/lib/python3.10/site-packages/django/template/base.py", line 615, in find_filter
    raise TemplateSyntaxError("Invalid filter: '%s'" % filter_name)
django.template.exceptions.TemplateSyntaxError: Invalid filter: 'map'
ERROR 2025-05-23 11:38:43,242 basehttp "GET /metas/ HTTP/1.1" 500 193859
WARNING 2025-05-23 11:41:13,782 basehttp "GET /static/css/style.css HTTP/1.1" 404 1853
WARNING 2025-05-23 11:41:42,395 basehttp "GET /static/css/style.css HTTP/1.1" 404 1853
WARNING 2025-05-23 11:41:54,779 basehttp "GET /static/css/style.css HTTP/1.1" 404 1853
WARNING 2025-05-23 11:41:59,072 basehttp "GET /static/css/style.css HTTP/1.1" 404 1853
WARNING 2025-05-23 11:42:01,808 basehttp "GET /static/css/style.css HTTP/1.1" 404 1853
WARNING 2025-05-23 11:42:09,208 basehttp "GET /static/css/style.css HTTP/1.1" 404 1853
WARNING 2025-05-23 11:42:10,710 basehttp "GET /static/css/style.css HTTP/1.1" 404 1853
WARNING 2025-05-23 11:42:30,572 basehttp "GET /static/css/style.css HTTP/1.1" 404 1853
WARNING 2025-05-23 11:42:32,554 basehttp "GET /static/css/style.css HTTP/1.1" 404 1853
WARNING 2025-05-23 11:42:38,306 basehttp "GET /static/css/style.css HTTP/1.1" 404 1853
WARNING 2025-05-23 11:42:39,976 basehttp "GET /static/css/style.css HTTP/1.1" 404 1853
WARNING 2025-05-23 11:42:40,817 basehttp "GET /static/css/style.css HTTP/1.1" 404 1853
WARNING 2025-05-23 11:42:42,892 basehttp "GET /static/css/style.css HTTP/1.1" 404 1853
WARNING 2025-05-23 11:42:57,074 basehttp "GET /static/css/style.css HTTP/1.1" 404 1853
WARNING 2025-05-23 11:48:57,020 basehttp "GET /static/css/style.css HTTP/1.1" 404 1853
WARNING 2025-05-23 11:49:11,246 basehttp "GET /static/css/style.css HTTP/1.1" 404 1853
WARNING 2025-05-23 11:49:22,679 basehttp "GET /static/css/style.css HTTP/1.1" 404 1853
WARNING 2025-05-23 11:49:24,586 basehttp "GET /static/css/style.css HTTP/1.1" 404 1853
WARNING 2025-05-23 11:52:10,495 basehttp "GET /static/css/style.css HTTP/1.1" 404 1853
ERROR 2025-05-23 12:06:57,373 log Internal Server Error: /metas/
Traceback (most recent call last):
  File "/home/suporte/dev/minhacarteira/venv/lib/python3.10/site-packages/django/core/handlers/exception.py", line 55, in inner
    response = get_response(request)
  File "/home/suporte/dev/minhacarteira/venv/lib/python3.10/site-packages/django/core/handlers/base.py", line 197, in _get_response
    response = wrapped_callback(request, *callback_args, **callback_kwargs)
  File "/home/suporte/dev/minhacarteira/venv/lib/python3.10/site-packages/django/contrib/auth/decorators.py", line 59, in _view_wrapper
    return view_func(request, *args, **kwargs)
  File "/home/suporte/dev/minhacarteira/cal/views/views_meta.py", line 83, in metas_dashboard
    return render(request, 'cal/metas_dashboard.html', {
  File "/home/suporte/dev/minhacarteira/venv/lib/python3.10/site-packages/django/shortcuts.py", line 25, in render
    content = loader.render_to_string(template_name, context, request, using=using)
  File "/home/suporte/dev/minhacarteira/venv/lib/python3.10/site-packages/django/template/loader.py", line 61, in render_to_string
    template = get_template(template_name, using=using)
  File "/home/suporte/dev/minhacarteira/venv/lib/python3.10/site-packages/django/template/loader.py", line 15, in get_template
    return engine.get_template(template_name)
  File "/home/suporte/dev/minhacarteira/venv/lib/python3.10/site-packages/django/template/backends/django.py", line 79, in get_template
    return Template(self.engine.get_template(template_name), self)
  File "/home/suporte/dev/minhacarteira/venv/lib/python3.10/site-packages/django/template/engine.py", line 177, in get_template
    template, origin = self.find_template(template_name)
  File "/home/suporte/dev/minhacarteira/venv/lib/python3.10/site-packages/django/template/engine.py", line 159, in find_template
    template = loader.get_template(name, skip=skip)
  File "/home/suporte/dev/minhacarteira/venv/lib/python3.10/site-packages/django/template/loaders/cached.py", line 57, in get_template
    template = super().get_template(template_name, skip)
  File "/home/suporte/dev/minhacarteira/venv/lib/python3.10/site-packages/django/template/loaders/base.py", line 28, in get_template
    return Template(
  File "/home/suporte/dev/minhacarteira/venv/lib/python3.10/site-packages/django/template/base.py", line 154, in __init__
    self.nodelist = self.compile_nodelist()
  File "/home/suporte/dev/minhacarteira/venv/lib/python3.10/site-packages/django/template/base.py", line 196, in compile_nodelist
    nodelist = parser.parse()
  File "/home/suporte/dev/minhacarteira/venv/lib/python3.10/site-packages/django/template/base.py", line 518, in parse
    raise self.error(token, e)
  File "/home/suporte/dev/minhacarteira/venv/lib/python3.10/site-packages/django/template/base.py", line 516, in parse
    compiled_result = compile_func(self, token)
  File "/home/suporte/dev/minhacarteira/venv/lib/python3.10/site-packages/django/template/loader_tags.py", line 299, in do_extends
    nodelist = parser.parse()
  File "/home/suporte/dev/minhacarteira/venv/lib/python3.10/site-packages/django/template/base.py", line 518, in parse
    raise self.error(token, e)
  File "/home/suporte/dev/minhacarteira/venv/lib/python3.10/site-packages/django/template/base.py", line 516, in parse
    compiled_result = compile_func(self, token)
  File "/home/suporte/dev/minhacarteira/venv/lib/python3.10/site-packages/django/template/loader_tags.py", line 234, in do_block
    nodelist = parser.parse(("endblock",))
  File "/home/suporte/dev/minhacarteira/venv/lib/python3.10/site-packages/django/template/base.py", line 518, in parse
    raise self.error(token, e)
  File "/home/suporte/dev/minhacarteira/venv/lib/python3.10/site-packages/django/template/base.py", line 516, in parse
    compiled_result = compile_func(self, token)
  File "/home/suporte/dev/minhacarteira/venv/lib/python3.10/site-packages/django/template/defaulttags.py", line 861, in do_for
    sequence = parser.compile_filter(bits[in_index + 1])
  File "/home/suporte/dev/minhacarteira/venv/lib/python3.10/site-packages/django/template/base.py", line 609, in compile_filter
    return FilterExpression(token, self)
  File "/home/suporte/dev/minhacarteira/venv/lib/python3.10/site-packages/django/template/base.py", line 705, in __init__
    filter_func = parser.find_filter(filter_name)
  File "/home/suporte/dev/minhacarteira/venv/lib/python3.10/site-packages/django/template/base.py", line 615, in find_filter
    raise TemplateSyntaxError("Invalid filter: '%s'" % filter_name)
django.template.exceptions.TemplateSyntaxError: Invalid filter: 'to_list'
ERROR 2025-05-23 12:06:57,374 basehttp "GET /metas/ HTTP/1.1" 500 258631
ERROR 2025-05-23 12:10:24,104 log Internal Server Error: /metas/
Traceback (most recent call last):
  File "/home/suporte/dev/minhacarteira/venv/lib/python3.10/site-packages/django/core/handlers/exception.py", line 55, in inner
    response = get_response(request)
  File "/home/suporte/dev/minhacarteira/venv/lib/python3.10/site-packages/django/core/handlers/base.py", line 197, in _get_response
    response = wrapped_callback(request, *callback_args, **callback_kwargs)
  File "/home/suporte/dev/minhacarteira/venv/lib/python3.10/site-packages/django/contrib/auth/decorators.py", line 59, in _view_wrapper
    return view_func(request, *args, **kwargs)
  File "/home/suporte/dev/minhacarteira/cal/views/views_meta.py", line 88, in metas_dashboard
    return render(request, 'cal/metas_dashboard.html', {
  File "/home/suporte/dev/minhacarteira/venv/lib/python3.10/site-packages/django/shortcuts.py", line 25, in render
    content = loader.render_to_string(template_name, context, request, using=using)
  File "/home/suporte/dev/minhacarteira/venv/lib/python3.10/site-packages/django/template/loader.py", line 61, in render_to_string
    template = get_template(template_name, using=using)
  File "/home/suporte/dev/minhacarteira/venv/lib/python3.10/site-packages/django/template/loader.py", line 15, in get_template
    return engine.get_template(template_name)
  File "/home/suporte/dev/minhacarteira/venv/lib/python3.10/site-packages/django/template/backends/django.py", line 79, in get_template
    return Template(self.engine.get_template(template_name), self)
  File "/home/suporte/dev/minhacarteira/venv/lib/python3.10/site-packages/django/template/engine.py", line 177, in get_template
    template, origin = self.find_template(template_name)
  File "/home/suporte/dev/minhacarteira/venv/lib/python3.10/site-packages/django/template/engine.py", line 159, in find_template
    template = loader.get_template(name, skip=skip)
  File "/home/suporte/dev/minhacarteira/venv/lib/python3.10/site-packages/django/template/loaders/cached.py", line 57, in get_template
    template = super().get_template(template_name, skip)
  File "/home/suporte/dev/minhacarteira/venv/lib/python3.10/site-packages/django/template/loaders/base.py", line 28, in get_template
    return Template(
  File "/home/suporte/dev/minhacarteira/venv/lib/python3.10/site-packages/django/template/base.py", line 154, in __init__
    self.nodelist = self.compile_nodelist()
  File "/home/suporte/dev/minhacarteira/venv/lib/python3.10/site-packages/django/template/base.py", line 196, in compile_nodelist
    nodelist = parser.parse()
  File "/home/suporte/dev/minhacarteira/venv/lib/python3.10/site-packages/django/template/base.py", line 518, in parse
    raise self.error(token, e)
  File "/home/suporte/dev/minhacarteira/venv/lib/python3.10/site-packages/django/template/base.py", line 516, in parse
    compiled_result = compile_func(self, token)
  File "/home/suporte/dev/minhacarteira/venv/lib/python3.10/site-packages/django/template/loader_tags.py", line 299, in do_extends
    nodelist = parser.parse()
  File "/home/suporte/dev/minhacarteira/venv/lib/python3.10/site-packages/django/template/base.py", line 518, in parse
    raise self.error(token, e)
  File "/home/suporte/dev/minhacarteira/venv/lib/python3.10/site-packages/django/template/base.py", line 516, in parse
    compiled_result = compile_func(self, token)
  File "/home/suporte/dev/minhacarteira/venv/lib/python3.10/site-packages/django/template/loader_tags.py", line 234, in do_block
    nodelist = parser.parse(("endblock",))
  File "/home/suporte/dev/minhacarteira/venv/lib/python3.10/site-packages/django/template/base.py", line 518, in parse
    raise self.error(token, e)
  File "/home/suporte/dev/minhacarteira/venv/lib/python3.10/site-packages/django/template/base.py", line 516, in parse
    compiled_result = compile_func(self, token)
  File "/home/suporte/dev/minhacarteira/venv/lib/python3.10/site-packages/django/template/defaulttags.py", line 861, in do_for
    sequence = parser.compile_filter(bits[in_index + 1])
  File "/home/suporte/dev/minhacarteira/venv/lib/python3.10/site-packages/django/template/base.py", line 609, in compile_filter
    return FilterExpression(token, self)
  File "/home/suporte/dev/minhacarteira/venv/lib/python3.10/site-packages/django/template/base.py", line 705, in __init__
    filter_func = parser.find_filter(filter_name)
  File "/home/suporte/dev/minhacarteira/venv/lib/python3.10/site-packages/django/template/base.py", line 615, in find_filter
    raise TemplateSyntaxError("Invalid filter: '%s'" % filter_name)
django.template.exceptions.TemplateSyntaxError: Invalid filter: 'to_list'
ERROR 2025-05-23 12:10:24,109 basehttp "GET /metas/ HTTP/1.1" 500 258806
ERROR 2025-05-23 12:10:25,393 log Internal Server Error: /metas/
Traceback (most recent call last):
  File "/home/suporte/dev/minhacarteira/venv/lib/python3.10/site-packages/django/core/handlers/exception.py", line 55, in inner
    response = get_response(request)
  File "/home/suporte/dev/minhacarteira/venv/lib/python3.10/site-packages/django/core/handlers/base.py", line 197, in _get_response
    response = wrapped_callback(request, *callback_args, **callback_kwargs)
  File "/home/suporte/dev/minhacarteira/venv/lib/python3.10/site-packages/django/contrib/auth/decorators.py", line 59, in _view_wrapper
    return view_func(request, *args, **kwargs)
  File "/home/suporte/dev/minhacarteira/cal/views/views_meta.py", line 88, in metas_dashboard
    return render(request, 'cal/metas_dashboard.html', {
  File "/home/suporte/dev/minhacarteira/venv/lib/python3.10/site-packages/django/shortcuts.py", line 25, in render
    content = loader.render_to_string(template_name, context, request, using=using)
  File "/home/suporte/dev/minhacarteira/venv/lib/python3.10/site-packages/django/template/loader.py", line 61, in render_to_string
    template = get_template(template_name, using=using)
  File "/home/suporte/dev/minhacarteira/venv/lib/python3.10/site-packages/django/template/loader.py", line 15, in get_template
    return engine.get_template(template_name)
  File "/home/suporte/dev/minhacarteira/venv/lib/python3.10/site-packages/django/template/backends/django.py", line 79, in get_template
    return Template(self.engine.get_template(template_name), self)
  File "/home/suporte/dev/minhacarteira/venv/lib/python3.10/site-packages/django/template/engine.py", line 177, in get_template
    template, origin = self.find_template(template_name)
  File "/home/suporte/dev/minhacarteira/venv/lib/python3.10/site-packages/django/template/engine.py", line 159, in find_template
    template = loader.get_template(name, skip=skip)
  File "/home/suporte/dev/minhacarteira/venv/lib/python3.10/site-packages/django/template/loaders/cached.py", line 57, in get_template
    template = super().get_template(template_name, skip)
  File "/home/suporte/dev/minhacarteira/venv/lib/python3.10/site-packages/django/template/loaders/base.py", line 28, in get_template
    return Template(
  File "/home/suporte/dev/minhacarteira/venv/lib/python3.10/site-packages/django/template/base.py", line 154, in __init__
    self.nodelist = self.compile_nodelist()
  File "/home/suporte/dev/minhacarteira/venv/lib/python3.10/site-packages/django/template/base.py", line 196, in compile_nodelist
    nodelist = parser.parse()
  File "/home/suporte/dev/minhacarteira/venv/lib/python3.10/site-packages/django/template/base.py", line 518, in parse
    raise self.error(token, e)
  File "/home/suporte/dev/minhacarteira/venv/lib/python3.10/site-packages/django/template/base.py", line 516, in parse
    compiled_result = compile_func(self, token)
  File "/home/suporte/dev/minhacarteira/venv/lib/python3.10/site-packages/django/template/loader_tags.py", line 299, in do_extends
    nodelist = parser.parse()
  File "/home/suporte/dev/minhacarteira/venv/lib/python3.10/site-packages/django/template/base.py", line 518, in parse
    raise self.error(token, e)
  File "/home/suporte/dev/minhacarteira/venv/lib/python3.10/site-packages/django/template/base.py", line 516, in parse
    compiled_result = compile_func(self, token)
  File "/home/suporte/dev/minhacarteira/venv/lib/python3.10/site-packages/django/template/loader_tags.py", line 234, in do_block
    nodelist = parser.parse(("endblock",))
  File "/home/suporte/dev/minhacarteira/venv/lib/python3.10/site-packages/django/template/base.py", line 518, in parse
    raise self.error(token, e)
  File "/home/suporte/dev/minhacarteira/venv/lib/python3.10/site-packages/django/template/base.py", line 516, in parse
    compiled_result = compile_func(self, token)
  File "/home/suporte/dev/minhacarteira/venv/lib/python3.10/site-packages/django/template/defaulttags.py", line 861, in do_for
    sequence = parser.compile_filter(bits[in_index + 1])
  File "/home/suporte/dev/minhacarteira/venv/lib/python3.10/site-packages/django/template/base.py", line 609, in compile_filter
    return FilterExpression(token, self)
  File "/home/suporte/dev/minhacarteira/venv/lib/python3.10/site-packages/django/template/base.py", line 705, in __init__
    filter_func = parser.find_filter(filter_name)
  File "/home/suporte/dev/minhacarteira/venv/lib/python3.10/site-packages/django/template/base.py", line 615, in find_filter
    raise TemplateSyntaxError("Invalid filter: '%s'" % filter_name)
django.template.exceptions.TemplateSyntaxError: Invalid filter: 'to_list'
ERROR 2025-05-23 12:10:25,393 basehttp "GET /metas/ HTTP/1.1" 500 258806
WARNING 2025-05-23 12:10:28,183 basehttp "GET /static/css/style.css HTTP/1.1" 404 1853
WARNING 2025-05-23 12:10:29,133 basehttp "GET /static/css/style.css HTTP/1.1" 404 1853
ERROR 2025-05-23 12:10:32,261 log Internal Server Error: /metas/
Traceback (most recent call last):
  File "/home/suporte/dev/minhacarteira/venv/lib/python3.10/site-packages/django/core/handlers/exception.py", line 55, in inner
    response = get_response(request)
  File "/home/suporte/dev/minhacarteira/venv/lib/python3.10/site-packages/django/core/handlers/base.py", line 197, in _get_response
    response = wrapped_callback(request, *callback_args, **callback_kwargs)
  File "/home/suporte/dev/minhacarteira/venv/lib/python3.10/site-packages/django/contrib/auth/decorators.py", line 59, in _view_wrapper
    return view_func(request, *args, **kwargs)
  File "/home/suporte/dev/minhacarteira/cal/views/views_meta.py", line 88, in metas_dashboard
    return render(request, 'cal/metas_dashboard.html', {
  File "/home/suporte/dev/minhacarteira/venv/lib/python3.10/site-packages/django/shortcuts.py", line 25, in render
    content = loader.render_to_string(template_name, context, request, using=using)
  File "/home/suporte/dev/minhacarteira/venv/lib/python3.10/site-packages/django/template/loader.py", line 61, in render_to_string
    template = get_template(template_name, using=using)
  File "/home/suporte/dev/minhacarteira/venv/lib/python3.10/site-packages/django/template/loader.py", line 15, in get_template
    return engine.get_template(template_name)
  File "/home/suporte/dev/minhacarteira/venv/lib/python3.10/site-packages/django/template/backends/django.py", line 79, in get_template
    return Template(self.engine.get_template(template_name), self)
  File "/home/suporte/dev/minhacarteira/venv/lib/python3.10/site-packages/django/template/engine.py", line 177, in get_template
    template, origin = self.find_template(template_name)
  File "/home/suporte/dev/minhacarteira/venv/lib/python3.10/site-packages/django/template/engine.py", line 159, in find_template
    template = loader.get_template(name, skip=skip)
  File "/home/suporte/dev/minhacarteira/venv/lib/python3.10/site-packages/django/template/loaders/cached.py", line 57, in get_template
    template = super().get_template(template_name, skip)
  File "/home/suporte/dev/minhacarteira/venv/lib/python3.10/site-packages/django/template/loaders/base.py", line 28, in get_template
    return Template(
  File "/home/suporte/dev/minhacarteira/venv/lib/python3.10/site-packages/django/template/base.py", line 154, in __init__
    self.nodelist = self.compile_nodelist()
  File "/home/suporte/dev/minhacarteira/venv/lib/python3.10/site-packages/django/template/base.py", line 196, in compile_nodelist
    nodelist = parser.parse()
  File "/home/suporte/dev/minhacarteira/venv/lib/python3.10/site-packages/django/template/base.py", line 518, in parse
    raise self.error(token, e)
  File "/home/suporte/dev/minhacarteira/venv/lib/python3.10/site-packages/django/template/base.py", line 516, in parse
    compiled_result = compile_func(self, token)
  File "/home/suporte/dev/minhacarteira/venv/lib/python3.10/site-packages/django/template/loader_tags.py", line 299, in do_extends
    nodelist = parser.parse()
  File "/home/suporte/dev/minhacarteira/venv/lib/python3.10/site-packages/django/template/base.py", line 518, in parse
    raise self.error(token, e)
  File "/home/suporte/dev/minhacarteira/venv/lib/python3.10/site-packages/django/template/base.py", line 516, in parse
    compiled_result = compile_func(self, token)
  File "/home/suporte/dev/minhacarteira/venv/lib/python3.10/site-packages/django/template/loader_tags.py", line 234, in do_block
    nodelist = parser.parse(("endblock",))
  File "/home/suporte/dev/minhacarteira/venv/lib/python3.10/site-packages/django/template/base.py", line 518, in parse
    raise self.error(token, e)
  File "/home/suporte/dev/minhacarteira/venv/lib/python3.10/site-packages/django/template/base.py", line 516, in parse
    compiled_result = compile_func(self, token)
  File "/home/suporte/dev/minhacarteira/venv/lib/python3.10/site-packages/django/template/defaulttags.py", line 861, in do_for
    sequence = parser.compile_filter(bits[in_index + 1])
  File "/home/suporte/dev/minhacarteira/venv/lib/python3.10/site-packages/django/template/base.py", line 609, in compile_filter
    return FilterExpression(token, self)
  File "/home/suporte/dev/minhacarteira/venv/lib/python3.10/site-packages/django/template/base.py", line 705, in __init__
    filter_func = parser.find_filter(filter_name)
  File "/home/suporte/dev/minhacarteira/venv/lib/python3.10/site-packages/django/template/base.py", line 615, in find_filter
    raise TemplateSyntaxError("Invalid filter: '%s'" % filter_name)
django.template.exceptions.TemplateSyntaxError: Invalid filter: 'to_list'
ERROR 2025-05-23 12:10:32,262 basehttp "GET /metas/ HTTP/1.1" 500 258806
WARNING 2025-05-23 12:10:32,319 log Not Found: /favicon.ico
ERROR 2025-05-23 12:12:05,090 log Internal Server Error: /metas/
Traceback (most recent call last):
  File "/home/suporte/dev/minhacarteira/venv/lib/python3.10/site-packages/django/core/handlers/exception.py", line 55, in inner
    response = get_response(request)
  File "/home/suporte/dev/minhacarteira/venv/lib/python3.10/site-packages/django/core/handlers/base.py", line 197, in _get_response
    response = wrapped_callback(request, *callback_args, **callback_kwargs)
  File "/home/suporte/dev/minhacarteira/venv/lib/python3.10/site-packages/django/contrib/auth/decorators.py", line 59, in _view_wrapper
    return view_func(request, *args, **kwargs)
  File "/home/suporte/dev/minhacarteira/cal/views/views_meta.py", line 88, in metas_dashboard
    return render(request, 'cal/metas_dashboard.html', {
  File "/home/suporte/dev/minhacarteira/venv/lib/python3.10/site-packages/django/shortcuts.py", line 25, in render
    content = loader.render_to_string(template_name, context, request, using=using)
  File "/home/suporte/dev/minhacarteira/venv/lib/python3.10/site-packages/django/template/loader.py", line 61, in render_to_string
    template = get_template(template_name, using=using)
  File "/home/suporte/dev/minhacarteira/venv/lib/python3.10/site-packages/django/template/loader.py", line 15, in get_template
    return engine.get_template(template_name)
  File "/home/suporte/dev/minhacarteira/venv/lib/python3.10/site-packages/django/template/backends/django.py", line 79, in get_template
    return Template(self.engine.get_template(template_name), self)
  File "/home/suporte/dev/minhacarteira/venv/lib/python3.10/site-packages/django/template/engine.py", line 177, in get_template
    template, origin = self.find_template(template_name)
  File "/home/suporte/dev/minhacarteira/venv/lib/python3.10/site-packages/django/template/engine.py", line 159, in find_template
    template = loader.get_template(name, skip=skip)
  File "/home/suporte/dev/minhacarteira/venv/lib/python3.10/site-packages/django/template/loaders/cached.py", line 57, in get_template
    template = super().get_template(template_name, skip)
  File "/home/suporte/dev/minhacarteira/venv/lib/python3.10/site-packages/django/template/loaders/base.py", line 28, in get_template
    return Template(
  File "/home/suporte/dev/minhacarteira/venv/lib/python3.10/site-packages/django/template/base.py", line 154, in __init__
    self.nodelist = self.compile_nodelist()
  File "/home/suporte/dev/minhacarteira/venv/lib/python3.10/site-packages/django/template/base.py", line 196, in compile_nodelist
    nodelist = parser.parse()
  File "/home/suporte/dev/minhacarteira/venv/lib/python3.10/site-packages/django/template/base.py", line 518, in parse
    raise self.error(token, e)
  File "/home/suporte/dev/minhacarteira/venv/lib/python3.10/site-packages/django/template/base.py", line 516, in parse
    compiled_result = compile_func(self, token)
  File "/home/suporte/dev/minhacarteira/venv/lib/python3.10/site-packages/django/template/loader_tags.py", line 299, in do_extends
    nodelist = parser.parse()
  File "/home/suporte/dev/minhacarteira/venv/lib/python3.10/site-packages/django/template/base.py", line 518, in parse
    raise self.error(token, e)
  File "/home/suporte/dev/minhacarteira/venv/lib/python3.10/site-packages/django/template/base.py", line 516, in parse
    compiled_result = compile_func(self, token)
  File "/home/suporte/dev/minhacarteira/venv/lib/python3.10/site-packages/django/template/loader_tags.py", line 234, in do_block
    nodelist = parser.parse(("endblock",))
  File "/home/suporte/dev/minhacarteira/venv/lib/python3.10/site-packages/django/template/base.py", line 518, in parse
    raise self.error(token, e)
  File "/home/suporte/dev/minhacarteira/venv/lib/python3.10/site-packages/django/template/base.py", line 516, in parse
    compiled_result = compile_func(self, token)
  File "/home/suporte/dev/minhacarteira/venv/lib/python3.10/site-packages/django/template/defaulttags.py", line 861, in do_for
    sequence = parser.compile_filter(bits[in_index + 1])
  File "/home/suporte/dev/minhacarteira/venv/lib/python3.10/site-packages/django/template/base.py", line 609, in compile_filter
    return FilterExpression(token, self)
  File "/home/suporte/dev/minhacarteira/venv/lib/python3.10/site-packages/django/template/base.py", line 710, in __init__
    raise TemplateSyntaxError(
django.template.exceptions.TemplateSyntaxError: Could not parse the remainder: '.split(",")' from '"1,2,3,4,5,6,7,8,9,10,11,12".split(",")'
ERROR 2025-05-23 12:12:05,091 basehttp "GET /metas/ HTTP/1.1" 500 250984
ERROR 2025-05-23 12:12:06,863 log Internal Server Error: /metas/
Traceback (most recent call last):
  File "/home/suporte/dev/minhacarteira/venv/lib/python3.10/site-packages/django/core/handlers/exception.py", line 55, in inner
    response = get_response(request)
  File "/home/suporte/dev/minhacarteira/venv/lib/python3.10/site-packages/django/core/handlers/base.py", line 197, in _get_response
    response = wrapped_callback(request, *callback_args, **callback_kwargs)
  File "/home/suporte/dev/minhacarteira/venv/lib/python3.10/site-packages/django/contrib/auth/decorators.py", line 59, in _view_wrapper
    return view_func(request, *args, **kwargs)
  File "/home/suporte/dev/minhacarteira/cal/views/views_meta.py", line 88, in metas_dashboard
    return render(request, 'cal/metas_dashboard.html', {
  File "/home/suporte/dev/minhacarteira/venv/lib/python3.10/site-packages/django/shortcuts.py", line 25, in render
    content = loader.render_to_string(template_name, context, request, using=using)
  File "/home/suporte/dev/minhacarteira/venv/lib/python3.10/site-packages/django/template/loader.py", line 61, in render_to_string
    template = get_template(template_name, using=using)
  File "/home/suporte/dev/minhacarteira/venv/lib/python3.10/site-packages/django/template/loader.py", line 15, in get_template
    return engine.get_template(template_name)
  File "/home/suporte/dev/minhacarteira/venv/lib/python3.10/site-packages/django/template/backends/django.py", line 79, in get_template
    return Template(self.engine.get_template(template_name), self)
  File "/home/suporte/dev/minhacarteira/venv/lib/python3.10/site-packages/django/template/engine.py", line 177, in get_template
    template, origin = self.find_template(template_name)
  File "/home/suporte/dev/minhacarteira/venv/lib/python3.10/site-packages/django/template/engine.py", line 159, in find_template
    template = loader.get_template(name, skip=skip)
  File "/home/suporte/dev/minhacarteira/venv/lib/python3.10/site-packages/django/template/loaders/cached.py", line 57, in get_template
    template = super().get_template(template_name, skip)
  File "/home/suporte/dev/minhacarteira/venv/lib/python3.10/site-packages/django/template/loaders/base.py", line 28, in get_template
    return Template(
  File "/home/suporte/dev/minhacarteira/venv/lib/python3.10/site-packages/django/template/base.py", line 154, in __init__
    self.nodelist = self.compile_nodelist()
  File "/home/suporte/dev/minhacarteira/venv/lib/python3.10/site-packages/django/template/base.py", line 196, in compile_nodelist
    nodelist = parser.parse()
  File "/home/suporte/dev/minhacarteira/venv/lib/python3.10/site-packages/django/template/base.py", line 518, in parse
    raise self.error(token, e)
  File "/home/suporte/dev/minhacarteira/venv/lib/python3.10/site-packages/django/template/base.py", line 516, in parse
    compiled_result = compile_func(self, token)
  File "/home/suporte/dev/minhacarteira/venv/lib/python3.10/site-packages/django/template/loader_tags.py", line 299, in do_extends
    nodelist = parser.parse()
  File "/home/suporte/dev/minhacarteira/venv/lib/python3.10/site-packages/django/template/base.py", line 518, in parse
    raise self.error(token, e)
  File "/home/suporte/dev/minhacarteira/venv/lib/python3.10/site-packages/django/template/base.py", line 516, in parse
    compiled_result = compile_func(self, token)
  File "/home/suporte/dev/minhacarteira/venv/lib/python3.10/site-packages/django/template/loader_tags.py", line 234, in do_block
    nodelist = parser.parse(("endblock",))
  File "/home/suporte/dev/minhacarteira/venv/lib/python3.10/site-packages/django/template/base.py", line 518, in parse
    raise self.error(token, e)
  File "/home/suporte/dev/minhacarteira/venv/lib/python3.10/site-packages/django/template/base.py", line 516, in parse
    compiled_result = compile_func(self, token)
  File "/home/suporte/dev/minhacarteira/venv/lib/python3.10/site-packages/django/template/defaulttags.py", line 861, in do_for
    sequence = parser.compile_filter(bits[in_index + 1])
  File "/home/suporte/dev/minhacarteira/venv/lib/python3.10/site-packages/django/template/base.py", line 609, in compile_filter
    return FilterExpression(token, self)
  File "/home/suporte/dev/minhacarteira/venv/lib/python3.10/site-packages/django/template/base.py", line 710, in __init__
    raise TemplateSyntaxError(
django.template.exceptions.TemplateSyntaxError: Could not parse the remainder: '.split(",")' from '"1,2,3,4,5,6,7,8,9,10,11,12".split(",")'
ERROR 2025-05-23 12:12:06,863 basehttp "GET /metas/ HTTP/1.1" 500 250984
ERROR 2025-05-23 12:13:18,539 log Internal Server Error: /metas/
Traceback (most recent call last):
  File "/home/suporte/dev/minhacarteira/venv/lib/python3.10/site-packages/django/core/handlers/exception.py", line 55, in inner
    response = get_response(request)
  File "/home/suporte/dev/minhacarteira/venv/lib/python3.10/site-packages/django/core/handlers/base.py", line 197, in _get_response
    response = wrapped_callback(request, *callback_args, **callback_kwargs)
  File "/home/suporte/dev/minhacarteira/venv/lib/python3.10/site-packages/django/contrib/auth/decorators.py", line 59, in _view_wrapper
    return view_func(request, *args, **kwargs)
  File "/home/suporte/dev/minhacarteira/cal/views/views_meta.py", line 88, in metas_dashboard
    return render(request, 'cal/metas_dashboard.html', {
  File "/home/suporte/dev/minhacarteira/venv/lib/python3.10/site-packages/django/shortcuts.py", line 25, in render
    content = loader.render_to_string(template_name, context, request, using=using)
  File "/home/suporte/dev/minhacarteira/venv/lib/python3.10/site-packages/django/template/loader.py", line 61, in render_to_string
    template = get_template(template_name, using=using)
  File "/home/suporte/dev/minhacarteira/venv/lib/python3.10/site-packages/django/template/loader.py", line 15, in get_template
    return engine.get_template(template_name)
  File "/home/suporte/dev/minhacarteira/venv/lib/python3.10/site-packages/django/template/backends/django.py", line 79, in get_template
    return Template(self.engine.get_template(template_name), self)
  File "/home/suporte/dev/minhacarteira/venv/lib/python3.10/site-packages/django/template/engine.py", line 177, in get_template
    template, origin = self.find_template(template_name)
  File "/home/suporte/dev/minhacarteira/venv/lib/python3.10/site-packages/django/template/engine.py", line 159, in find_template
    template = loader.get_template(name, skip=skip)
  File "/home/suporte/dev/minhacarteira/venv/lib/python3.10/site-packages/django/template/loaders/cached.py", line 57, in get_template
    template = super().get_template(template_name, skip)
  File "/home/suporte/dev/minhacarteira/venv/lib/python3.10/site-packages/django/template/loaders/base.py", line 28, in get_template
    return Template(
  File "/home/suporte/dev/minhacarteira/venv/lib/python3.10/site-packages/django/template/base.py", line 154, in __init__
    self.nodelist = self.compile_nodelist()
  File "/home/suporte/dev/minhacarteira/venv/lib/python3.10/site-packages/django/template/base.py", line 196, in compile_nodelist
    nodelist = parser.parse()
  File "/home/suporte/dev/minhacarteira/venv/lib/python3.10/site-packages/django/template/base.py", line 518, in parse
    raise self.error(token, e)
  File "/home/suporte/dev/minhacarteira/venv/lib/python3.10/site-packages/django/template/base.py", line 516, in parse
    compiled_result = compile_func(self, token)
  File "/home/suporte/dev/minhacarteira/venv/lib/python3.10/site-packages/django/template/loader_tags.py", line 299, in do_extends
    nodelist = parser.parse()
  File "/home/suporte/dev/minhacarteira/venv/lib/python3.10/site-packages/django/template/base.py", line 518, in parse
    raise self.error(token, e)
  File "/home/suporte/dev/minhacarteira/venv/lib/python3.10/site-packages/django/template/base.py", line 516, in parse
    compiled_result = compile_func(self, token)
  File "/home/suporte/dev/minhacarteira/venv/lib/python3.10/site-packages/django/template/loader_tags.py", line 234, in do_block
    nodelist = parser.parse(("endblock",))
  File "/home/suporte/dev/minhacarteira/venv/lib/python3.10/site-packages/django/template/base.py", line 518, in parse
    raise self.error(token, e)
  File "/home/suporte/dev/minhacarteira/venv/lib/python3.10/site-packages/django/template/base.py", line 516, in parse
    compiled_result = compile_func(self, token)
  File "/home/suporte/dev/minhacarteira/venv/lib/python3.10/site-packages/django/template/defaulttags.py", line 861, in do_for
    sequence = parser.compile_filter(bits[in_index + 1])
  File "/home/suporte/dev/minhacarteira/venv/lib/python3.10/site-packages/django/template/base.py", line 609, in compile_filter
    return FilterExpression(token, self)
  File "/home/suporte/dev/minhacarteira/venv/lib/python3.10/site-packages/django/template/base.py", line 710, in __init__
    raise TemplateSyntaxError(
django.template.exceptions.TemplateSyntaxError: Could not parse the remainder: '.split(",")' from '"1,2,3,4,5,6,7,8,9,10,11,12".split(",")'
ERROR 2025-05-23 12:13:18,541 basehttp "GET /metas/ HTTP/1.1" 500 251085
ERROR 2025-05-23 12:13:19,398 log Internal Server Error: /metas/
Traceback (most recent call last):
  File "/home/suporte/dev/minhacarteira/venv/lib/python3.10/site-packages/django/core/handlers/exception.py", line 55, in inner
    response = get_response(request)
  File "/home/suporte/dev/minhacarteira/venv/lib/python3.10/site-packages/django/core/handlers/base.py", line 197, in _get_response
    response = wrapped_callback(request, *callback_args, **callback_kwargs)
  File "/home/suporte/dev/minhacarteira/venv/lib/python3.10/site-packages/django/contrib/auth/decorators.py", line 59, in _view_wrapper
    return view_func(request, *args, **kwargs)
  File "/home/suporte/dev/minhacarteira/cal/views/views_meta.py", line 88, in metas_dashboard
    return render(request, 'cal/metas_dashboard.html', {
  File "/home/suporte/dev/minhacarteira/venv/lib/python3.10/site-packages/django/shortcuts.py", line 25, in render
    content = loader.render_to_string(template_name, context, request, using=using)
  File "/home/suporte/dev/minhacarteira/venv/lib/python3.10/site-packages/django/template/loader.py", line 61, in render_to_string
    template = get_template(template_name, using=using)
  File "/home/suporte/dev/minhacarteira/venv/lib/python3.10/site-packages/django/template/loader.py", line 15, in get_template
    return engine.get_template(template_name)
  File "/home/suporte/dev/minhacarteira/venv/lib/python3.10/site-packages/django/template/backends/django.py", line 79, in get_template
    return Template(self.engine.get_template(template_name), self)
  File "/home/suporte/dev/minhacarteira/venv/lib/python3.10/site-packages/django/template/engine.py", line 177, in get_template
    template, origin = self.find_template(template_name)
  File "/home/suporte/dev/minhacarteira/venv/lib/python3.10/site-packages/django/template/engine.py", line 159, in find_template
    template = loader.get_template(name, skip=skip)
  File "/home/suporte/dev/minhacarteira/venv/lib/python3.10/site-packages/django/template/loaders/cached.py", line 57, in get_template
    template = super().get_template(template_name, skip)
  File "/home/suporte/dev/minhacarteira/venv/lib/python3.10/site-packages/django/template/loaders/base.py", line 28, in get_template
    return Template(
  File "/home/suporte/dev/minhacarteira/venv/lib/python3.10/site-packages/django/template/base.py", line 154, in __init__
    self.nodelist = self.compile_nodelist()
  File "/home/suporte/dev/minhacarteira/venv/lib/python3.10/site-packages/django/template/base.py", line 196, in compile_nodelist
    nodelist = parser.parse()
  File "/home/suporte/dev/minhacarteira/venv/lib/python3.10/site-packages/django/template/base.py", line 518, in parse
    raise self.error(token, e)
  File "/home/suporte/dev/minhacarteira/venv/lib/python3.10/site-packages/django/template/base.py", line 516, in parse
    compiled_result = compile_func(self, token)
  File "/home/suporte/dev/minhacarteira/venv/lib/python3.10/site-packages/django/template/loader_tags.py", line 299, in do_extends
    nodelist = parser.parse()
  File "/home/suporte/dev/minhacarteira/venv/lib/python3.10/site-packages/django/template/base.py", line 518, in parse
    raise self.error(token, e)
  File "/home/suporte/dev/minhacarteira/venv/lib/python3.10/site-packages/django/template/base.py", line 516, in parse
    compiled_result = compile_func(self, token)
  File "/home/suporte/dev/minhacarteira/venv/lib/python3.10/site-packages/django/template/loader_tags.py", line 234, in do_block
    nodelist = parser.parse(("endblock",))
  File "/home/suporte/dev/minhacarteira/venv/lib/python3.10/site-packages/django/template/base.py", line 518, in parse
    raise self.error(token, e)
  File "/home/suporte/dev/minhacarteira/venv/lib/python3.10/site-packages/django/template/base.py", line 516, in parse
    compiled_result = compile_func(self, token)
  File "/home/suporte/dev/minhacarteira/venv/lib/python3.10/site-packages/django/template/defaulttags.py", line 861, in do_for
    sequence = parser.compile_filter(bits[in_index + 1])
  File "/home/suporte/dev/minhacarteira/venv/lib/python3.10/site-packages/django/template/base.py", line 609, in compile_filter
    return FilterExpression(token, self)
  File "/home/suporte/dev/minhacarteira/venv/lib/python3.10/site-packages/django/template/base.py", line 710, in __init__
    raise TemplateSyntaxError(
django.template.exceptions.TemplateSyntaxError: Could not parse the remainder: '.split(",")' from '"1,2,3,4,5,6,7,8,9,10,11,12".split(",")'
ERROR 2025-05-23 12:13:19,398 basehttp "GET /metas/ HTTP/1.1" 500 251085
ERROR 2025-05-23 12:13:19,626 log Internal Server Error: /metas/
Traceback (most recent call last):
  File "/home/suporte/dev/minhacarteira/venv/lib/python3.10/site-packages/django/core/handlers/exception.py", line 55, in inner
    response = get_response(request)
  File "/home/suporte/dev/minhacarteira/venv/lib/python3.10/site-packages/django/core/handlers/base.py", line 197, in _get_response
    response = wrapped_callback(request, *callback_args, **callback_kwargs)
  File "/home/suporte/dev/minhacarteira/venv/lib/python3.10/site-packages/django/contrib/auth/decorators.py", line 59, in _view_wrapper
    return view_func(request, *args, **kwargs)
  File "/home/suporte/dev/minhacarteira/cal/views/views_meta.py", line 88, in metas_dashboard
    return render(request, 'cal/metas_dashboard.html', {
  File "/home/suporte/dev/minhacarteira/venv/lib/python3.10/site-packages/django/shortcuts.py", line 25, in render
    content = loader.render_to_string(template_name, context, request, using=using)
  File "/home/suporte/dev/minhacarteira/venv/lib/python3.10/site-packages/django/template/loader.py", line 61, in render_to_string
    template = get_template(template_name, using=using)
  File "/home/suporte/dev/minhacarteira/venv/lib/python3.10/site-packages/django/template/loader.py", line 15, in get_template
    return engine.get_template(template_name)
  File "/home/suporte/dev/minhacarteira/venv/lib/python3.10/site-packages/django/template/backends/django.py", line 79, in get_template
    return Template(self.engine.get_template(template_name), self)
  File "/home/suporte/dev/minhacarteira/venv/lib/python3.10/site-packages/django/template/engine.py", line 177, in get_template
    template, origin = self.find_template(template_name)
  File "/home/suporte/dev/minhacarteira/venv/lib/python3.10/site-packages/django/template/engine.py", line 159, in find_template
    template = loader.get_template(name, skip=skip)
  File "/home/suporte/dev/minhacarteira/venv/lib/python3.10/site-packages/django/template/loaders/cached.py", line 57, in get_template
    template = super().get_template(template_name, skip)
  File "/home/suporte/dev/minhacarteira/venv/lib/python3.10/site-packages/django/template/loaders/base.py", line 28, in get_template
    return Template(
  File "/home/suporte/dev/minhacarteira/venv/lib/python3.10/site-packages/django/template/base.py", line 154, in __init__
    self.nodelist = self.compile_nodelist()
  File "/home/suporte/dev/minhacarteira/venv/lib/python3.10/site-packages/django/template/base.py", line 196, in compile_nodelist
    nodelist = parser.parse()
  File "/home/suporte/dev/minhacarteira/venv/lib/python3.10/site-packages/django/template/base.py", line 518, in parse
    raise self.error(token, e)
  File "/home/suporte/dev/minhacarteira/venv/lib/python3.10/site-packages/django/template/base.py", line 516, in parse
    compiled_result = compile_func(self, token)
  File "/home/suporte/dev/minhacarteira/venv/lib/python3.10/site-packages/django/template/loader_tags.py", line 299, in do_extends
    nodelist = parser.parse()
  File "/home/suporte/dev/minhacarteira/venv/lib/python3.10/site-packages/django/template/base.py", line 518, in parse
    raise self.error(token, e)
  File "/home/suporte/dev/minhacarteira/venv/lib/python3.10/site-packages/django/template/base.py", line 516, in parse
    compiled_result = compile_func(self, token)
  File "/home/suporte/dev/minhacarteira/venv/lib/python3.10/site-packages/django/template/loader_tags.py", line 234, in do_block
    nodelist = parser.parse(("endblock",))
  File "/home/suporte/dev/minhacarteira/venv/lib/python3.10/site-packages/django/template/base.py", line 518, in parse
    raise self.error(token, e)
  File "/home/suporte/dev/minhacarteira/venv/lib/python3.10/site-packages/django/template/base.py", line 516, in parse
    compiled_result = compile_func(self, token)
  File "/home/suporte/dev/minhacarteira/venv/lib/python3.10/site-packages/django/template/defaulttags.py", line 861, in do_for
    sequence = parser.compile_filter(bits[in_index + 1])
  File "/home/suporte/dev/minhacarteira/venv/lib/python3.10/site-packages/django/template/base.py", line 609, in compile_filter
    return FilterExpression(token, self)
  File "/home/suporte/dev/minhacarteira/venv/lib/python3.10/site-packages/django/template/base.py", line 710, in __init__
    raise TemplateSyntaxError(
django.template.exceptions.TemplateSyntaxError: Could not parse the remainder: '.split(",")' from '"1,2,3,4,5,6,7,8,9,10,11,12".split(",")'
ERROR 2025-05-23 12:13:19,627 basehttp "GET /metas/ HTTP/1.1" 500 251085
ERROR 2025-05-23 12:14:21,710 log Internal Server Error: /metas/
Traceback (most recent call last):
  File "/home/suporte/dev/minhacarteira/venv/lib/python3.10/site-packages/django/core/handlers/exception.py", line 55, in inner
    response = get_response(request)
  File "/home/suporte/dev/minhacarteira/venv/lib/python3.10/site-packages/django/core/handlers/base.py", line 197, in _get_response
    response = wrapped_callback(request, *callback_args, **callback_kwargs)
  File "/home/suporte/dev/minhacarteira/venv/lib/python3.10/site-packages/django/contrib/auth/decorators.py", line 59, in _view_wrapper
    return view_func(request, *args, **kwargs)
  File "/home/suporte/dev/minhacarteira/cal/views/views_meta.py", line 89, in metas_dashboard
    return render(request, 'cal/metas_dashboard.html', {
  File "/home/suporte/dev/minhacarteira/venv/lib/python3.10/site-packages/django/shortcuts.py", line 25, in render
    content = loader.render_to_string(template_name, context, request, using=using)
  File "/home/suporte/dev/minhacarteira/venv/lib/python3.10/site-packages/django/template/loader.py", line 61, in render_to_string
    template = get_template(template_name, using=using)
  File "/home/suporte/dev/minhacarteira/venv/lib/python3.10/site-packages/django/template/loader.py", line 15, in get_template
    return engine.get_template(template_name)
  File "/home/suporte/dev/minhacarteira/venv/lib/python3.10/site-packages/django/template/backends/django.py", line 79, in get_template
    return Template(self.engine.get_template(template_name), self)
  File "/home/suporte/dev/minhacarteira/venv/lib/python3.10/site-packages/django/template/engine.py", line 177, in get_template
    template, origin = self.find_template(template_name)
  File "/home/suporte/dev/minhacarteira/venv/lib/python3.10/site-packages/django/template/engine.py", line 159, in find_template
    template = loader.get_template(name, skip=skip)
  File "/home/suporte/dev/minhacarteira/venv/lib/python3.10/site-packages/django/template/loaders/cached.py", line 57, in get_template
    template = super().get_template(template_name, skip)
  File "/home/suporte/dev/minhacarteira/venv/lib/python3.10/site-packages/django/template/loaders/base.py", line 28, in get_template
    return Template(
  File "/home/suporte/dev/minhacarteira/venv/lib/python3.10/site-packages/django/template/base.py", line 154, in __init__
    self.nodelist = self.compile_nodelist()
  File "/home/suporte/dev/minhacarteira/venv/lib/python3.10/site-packages/django/template/base.py", line 196, in compile_nodelist
    nodelist = parser.parse()
  File "/home/suporte/dev/minhacarteira/venv/lib/python3.10/site-packages/django/template/base.py", line 518, in parse
    raise self.error(token, e)
  File "/home/suporte/dev/minhacarteira/venv/lib/python3.10/site-packages/django/template/base.py", line 516, in parse
    compiled_result = compile_func(self, token)
  File "/home/suporte/dev/minhacarteira/venv/lib/python3.10/site-packages/django/template/loader_tags.py", line 299, in do_extends
    nodelist = parser.parse()
  File "/home/suporte/dev/minhacarteira/venv/lib/python3.10/site-packages/django/template/base.py", line 518, in parse
    raise self.error(token, e)
  File "/home/suporte/dev/minhacarteira/venv/lib/python3.10/site-packages/django/template/base.py", line 516, in parse
    compiled_result = compile_func(self, token)
  File "/home/suporte/dev/minhacarteira/venv/lib/python3.10/site-packages/django/template/loader_tags.py", line 234, in do_block
    nodelist = parser.parse(("endblock",))
  File "/home/suporte/dev/minhacarteira/venv/lib/python3.10/site-packages/django/template/base.py", line 518, in parse
    raise self.error(token, e)
  File "/home/suporte/dev/minhacarteira/venv/lib/python3.10/site-packages/django/template/base.py", line 516, in parse
    compiled_result = compile_func(self, token)
  File "/home/suporte/dev/minhacarteira/venv/lib/python3.10/site-packages/django/template/defaulttags.py", line 861, in do_for
    sequence = parser.compile_filter(bits[in_index + 1])
  File "/home/suporte/dev/minhacarteira/venv/lib/python3.10/site-packages/django/template/base.py", line 609, in compile_filter
    return FilterExpression(token, self)
  File "/home/suporte/dev/minhacarteira/venv/lib/python3.10/site-packages/django/template/base.py", line 710, in __init__
    raise TemplateSyntaxError(
django.template.exceptions.TemplateSyntaxError: Could not parse the remainder: '.split(",")' from '"1,2,3,4,5,6,7,8,9,10,11,12".split(",")'
ERROR 2025-05-23 12:14:21,712 basehttp "GET /metas/ HTTP/1.1" 500 251448
ERROR 2025-05-23 12:14:22,640 log Internal Server Error: /metas/
Traceback (most recent call last):
  File "/home/suporte/dev/minhacarteira/venv/lib/python3.10/site-packages/django/core/handlers/exception.py", line 55, in inner
    response = get_response(request)
  File "/home/suporte/dev/minhacarteira/venv/lib/python3.10/site-packages/django/core/handlers/base.py", line 197, in _get_response
    response = wrapped_callback(request, *callback_args, **callback_kwargs)
  File "/home/suporte/dev/minhacarteira/venv/lib/python3.10/site-packages/django/contrib/auth/decorators.py", line 59, in _view_wrapper
    return view_func(request, *args, **kwargs)
  File "/home/suporte/dev/minhacarteira/cal/views/views_meta.py", line 89, in metas_dashboard
    return render(request, 'cal/metas_dashboard.html', {
  File "/home/suporte/dev/minhacarteira/venv/lib/python3.10/site-packages/django/shortcuts.py", line 25, in render
    content = loader.render_to_string(template_name, context, request, using=using)
  File "/home/suporte/dev/minhacarteira/venv/lib/python3.10/site-packages/django/template/loader.py", line 61, in render_to_string
    template = get_template(template_name, using=using)
  File "/home/suporte/dev/minhacarteira/venv/lib/python3.10/site-packages/django/template/loader.py", line 15, in get_template
    return engine.get_template(template_name)
  File "/home/suporte/dev/minhacarteira/venv/lib/python3.10/site-packages/django/template/backends/django.py", line 79, in get_template
    return Template(self.engine.get_template(template_name), self)
  File "/home/suporte/dev/minhacarteira/venv/lib/python3.10/site-packages/django/template/engine.py", line 177, in get_template
    template, origin = self.find_template(template_name)
  File "/home/suporte/dev/minhacarteira/venv/lib/python3.10/site-packages/django/template/engine.py", line 159, in find_template
    template = loader.get_template(name, skip=skip)
  File "/home/suporte/dev/minhacarteira/venv/lib/python3.10/site-packages/django/template/loaders/cached.py", line 57, in get_template
    template = super().get_template(template_name, skip)
  File "/home/suporte/dev/minhacarteira/venv/lib/python3.10/site-packages/django/template/loaders/base.py", line 28, in get_template
    return Template(
  File "/home/suporte/dev/minhacarteira/venv/lib/python3.10/site-packages/django/template/base.py", line 154, in __init__
    self.nodelist = self.compile_nodelist()
  File "/home/suporte/dev/minhacarteira/venv/lib/python3.10/site-packages/django/template/base.py", line 196, in compile_nodelist
    nodelist = parser.parse()
  File "/home/suporte/dev/minhacarteira/venv/lib/python3.10/site-packages/django/template/base.py", line 518, in parse
    raise self.error(token, e)
  File "/home/suporte/dev/minhacarteira/venv/lib/python3.10/site-packages/django/template/base.py", line 516, in parse
    compiled_result = compile_func(self, token)
  File "/home/suporte/dev/minhacarteira/venv/lib/python3.10/site-packages/django/template/loader_tags.py", line 299, in do_extends
    nodelist = parser.parse()
  File "/home/suporte/dev/minhacarteira/venv/lib/python3.10/site-packages/django/template/base.py", line 518, in parse
    raise self.error(token, e)
  File "/home/suporte/dev/minhacarteira/venv/lib/python3.10/site-packages/django/template/base.py", line 516, in parse
    compiled_result = compile_func(self, token)
  File "/home/suporte/dev/minhacarteira/venv/lib/python3.10/site-packages/django/template/loader_tags.py", line 234, in do_block
    nodelist = parser.parse(("endblock",))
  File "/home/suporte/dev/minhacarteira/venv/lib/python3.10/site-packages/django/template/base.py", line 518, in parse
    raise self.error(token, e)
  File "/home/suporte/dev/minhacarteira/venv/lib/python3.10/site-packages/django/template/base.py", line 516, in parse
    compiled_result = compile_func(self, token)
  File "/home/suporte/dev/minhacarteira/venv/lib/python3.10/site-packages/django/template/defaulttags.py", line 861, in do_for
    sequence = parser.compile_filter(bits[in_index + 1])
  File "/home/suporte/dev/minhacarteira/venv/lib/python3.10/site-packages/django/template/base.py", line 609, in compile_filter
    return FilterExpression(token, self)
  File "/home/suporte/dev/minhacarteira/venv/lib/python3.10/site-packages/django/template/base.py", line 710, in __init__
    raise TemplateSyntaxError(
django.template.exceptions.TemplateSyntaxError: Could not parse the remainder: '.split(",")' from '"1,2,3,4,5,6,7,8,9,10,11,12".split(",")'
ERROR 2025-05-23 12:14:22,641 basehttp "GET /metas/ HTTP/1.1" 500 251448
ERROR 2025-05-23 12:14:23,779 log Internal Server Error: /metas/
Traceback (most recent call last):
  File "/home/suporte/dev/minhacarteira/venv/lib/python3.10/site-packages/django/core/handlers/exception.py", line 55, in inner
    response = get_response(request)
  File "/home/suporte/dev/minhacarteira/venv/lib/python3.10/site-packages/django/core/handlers/base.py", line 197, in _get_response
    response = wrapped_callback(request, *callback_args, **callback_kwargs)
  File "/home/suporte/dev/minhacarteira/venv/lib/python3.10/site-packages/django/contrib/auth/decorators.py", line 59, in _view_wrapper
    return view_func(request, *args, **kwargs)
  File "/home/suporte/dev/minhacarteira/cal/views/views_meta.py", line 89, in metas_dashboard
    return render(request, 'cal/metas_dashboard.html', {
  File "/home/suporte/dev/minhacarteira/venv/lib/python3.10/site-packages/django/shortcuts.py", line 25, in render
    content = loader.render_to_string(template_name, context, request, using=using)
  File "/home/suporte/dev/minhacarteira/venv/lib/python3.10/site-packages/django/template/loader.py", line 61, in render_to_string
    template = get_template(template_name, using=using)
  File "/home/suporte/dev/minhacarteira/venv/lib/python3.10/site-packages/django/template/loader.py", line 15, in get_template
    return engine.get_template(template_name)
  File "/home/suporte/dev/minhacarteira/venv/lib/python3.10/site-packages/django/template/backends/django.py", line 79, in get_template
    return Template(self.engine.get_template(template_name), self)
  File "/home/suporte/dev/minhacarteira/venv/lib/python3.10/site-packages/django/template/engine.py", line 177, in get_template
    template, origin = self.find_template(template_name)
  File "/home/suporte/dev/minhacarteira/venv/lib/python3.10/site-packages/django/template/engine.py", line 159, in find_template
    template = loader.get_template(name, skip=skip)
  File "/home/suporte/dev/minhacarteira/venv/lib/python3.10/site-packages/django/template/loaders/cached.py", line 57, in get_template
    template = super().get_template(template_name, skip)
  File "/home/suporte/dev/minhacarteira/venv/lib/python3.10/site-packages/django/template/loaders/base.py", line 28, in get_template
    return Template(
  File "/home/suporte/dev/minhacarteira/venv/lib/python3.10/site-packages/django/template/base.py", line 154, in __init__
    self.nodelist = self.compile_nodelist()
  File "/home/suporte/dev/minhacarteira/venv/lib/python3.10/site-packages/django/template/base.py", line 196, in compile_nodelist
    nodelist = parser.parse()
  File "/home/suporte/dev/minhacarteira/venv/lib/python3.10/site-packages/django/template/base.py", line 518, in parse
    raise self.error(token, e)
  File "/home/suporte/dev/minhacarteira/venv/lib/python3.10/site-packages/django/template/base.py", line 516, in parse
    compiled_result = compile_func(self, token)
  File "/home/suporte/dev/minhacarteira/venv/lib/python3.10/site-packages/django/template/loader_tags.py", line 299, in do_extends
    nodelist = parser.parse()
  File "/home/suporte/dev/minhacarteira/venv/lib/python3.10/site-packages/django/template/base.py", line 518, in parse
    raise self.error(token, e)
  File "/home/suporte/dev/minhacarteira/venv/lib/python3.10/site-packages/django/template/base.py", line 516, in parse
    compiled_result = compile_func(self, token)
  File "/home/suporte/dev/minhacarteira/venv/lib/python3.10/site-packages/django/template/loader_tags.py", line 234, in do_block
    nodelist = parser.parse(("endblock",))
  File "/home/suporte/dev/minhacarteira/venv/lib/python3.10/site-packages/django/template/base.py", line 518, in parse
    raise self.error(token, e)
  File "/home/suporte/dev/minhacarteira/venv/lib/python3.10/site-packages/django/template/base.py", line 516, in parse
    compiled_result = compile_func(self, token)
  File "/home/suporte/dev/minhacarteira/venv/lib/python3.10/site-packages/django/template/defaulttags.py", line 861, in do_for
    sequence = parser.compile_filter(bits[in_index + 1])
  File "/home/suporte/dev/minhacarteira/venv/lib/python3.10/site-packages/django/template/base.py", line 609, in compile_filter
    return FilterExpression(token, self)
  File "/home/suporte/dev/minhacarteira/venv/lib/python3.10/site-packages/django/template/base.py", line 710, in __init__
    raise TemplateSyntaxError(
django.template.exceptions.TemplateSyntaxError: Could not parse the remainder: '.split(",")' from '"1,2,3,4,5,6,7,8,9,10,11,12".split(",")'
ERROR 2025-05-23 12:14:23,781 basehttp "GET /metas/ HTTP/1.1" 500 251448
ERROR 2025-05-23 12:14:24,504 log Internal Server Error: /metas/
Traceback (most recent call last):
  File "/home/suporte/dev/minhacarteira/venv/lib/python3.10/site-packages/django/core/handlers/exception.py", line 55, in inner
    response = get_response(request)
  File "/home/suporte/dev/minhacarteira/venv/lib/python3.10/site-packages/django/core/handlers/base.py", line 197, in _get_response
    response = wrapped_callback(request, *callback_args, **callback_kwargs)
  File "/home/suporte/dev/minhacarteira/venv/lib/python3.10/site-packages/django/contrib/auth/decorators.py", line 59, in _view_wrapper
    return view_func(request, *args, **kwargs)
  File "/home/suporte/dev/minhacarteira/cal/views/views_meta.py", line 89, in metas_dashboard
    return render(request, 'cal/metas_dashboard.html', {
  File "/home/suporte/dev/minhacarteira/venv/lib/python3.10/site-packages/django/shortcuts.py", line 25, in render
    content = loader.render_to_string(template_name, context, request, using=using)
  File "/home/suporte/dev/minhacarteira/venv/lib/python3.10/site-packages/django/template/loader.py", line 61, in render_to_string
    template = get_template(template_name, using=using)
  File "/home/suporte/dev/minhacarteira/venv/lib/python3.10/site-packages/django/template/loader.py", line 15, in get_template
    return engine.get_template(template_name)
  File "/home/suporte/dev/minhacarteira/venv/lib/python3.10/site-packages/django/template/backends/django.py", line 79, in get_template
    return Template(self.engine.get_template(template_name), self)
  File "/home/suporte/dev/minhacarteira/venv/lib/python3.10/site-packages/django/template/engine.py", line 177, in get_template
    template, origin = self.find_template(template_name)
  File "/home/suporte/dev/minhacarteira/venv/lib/python3.10/site-packages/django/template/engine.py", line 159, in find_template
    template = loader.get_template(name, skip=skip)
  File "/home/suporte/dev/minhacarteira/venv/lib/python3.10/site-packages/django/template/loaders/cached.py", line 57, in get_template
    template = super().get_template(template_name, skip)
  File "/home/suporte/dev/minhacarteira/venv/lib/python3.10/site-packages/django/template/loaders/base.py", line 28, in get_template
    return Template(
  File "/home/suporte/dev/minhacarteira/venv/lib/python3.10/site-packages/django/template/base.py", line 154, in __init__
    self.nodelist = self.compile_nodelist()
  File "/home/suporte/dev/minhacarteira/venv/lib/python3.10/site-packages/django/template/base.py", line 196, in compile_nodelist
    nodelist = parser.parse()
  File "/home/suporte/dev/minhacarteira/venv/lib/python3.10/site-packages/django/template/base.py", line 518, in parse
    raise self.error(token, e)
  File "/home/suporte/dev/minhacarteira/venv/lib/python3.10/site-packages/django/template/base.py", line 516, in parse
    compiled_result = compile_func(self, token)
  File "/home/suporte/dev/minhacarteira/venv/lib/python3.10/site-packages/django/template/loader_tags.py", line 299, in do_extends
    nodelist = parser.parse()
  File "/home/suporte/dev/minhacarteira/venv/lib/python3.10/site-packages/django/template/base.py", line 518, in parse
    raise self.error(token, e)
  File "/home/suporte/dev/minhacarteira/venv/lib/python3.10/site-packages/django/template/base.py", line 516, in parse
    compiled_result = compile_func(self, token)
  File "/home/suporte/dev/minhacarteira/venv/lib/python3.10/site-packages/django/template/loader_tags.py", line 234, in do_block
    nodelist = parser.parse(("endblock",))
  File "/home/suporte/dev/minhacarteira/venv/lib/python3.10/site-packages/django/template/base.py", line 518, in parse
    raise self.error(token, e)
  File "/home/suporte/dev/minhacarteira/venv/lib/python3.10/site-packages/django/template/base.py", line 516, in parse
    compiled_result = compile_func(self, token)
  File "/home/suporte/dev/minhacarteira/venv/lib/python3.10/site-packages/django/template/defaulttags.py", line 861, in do_for
    sequence = parser.compile_filter(bits[in_index + 1])
  File "/home/suporte/dev/minhacarteira/venv/lib/python3.10/site-packages/django/template/base.py", line 609, in compile_filter
    return FilterExpression(token, self)
  File "/home/suporte/dev/minhacarteira/venv/lib/python3.10/site-packages/django/template/base.py", line 710, in __init__
    raise TemplateSyntaxError(
django.template.exceptions.TemplateSyntaxError: Could not parse the remainder: '.split(",")' from '"1,2,3,4,5,6,7,8,9,10,11,12".split(",")'
ERROR 2025-05-23 12:14:24,505 basehttp "GET /metas/ HTTP/1.1" 500 251448
WARNING 2025-05-23 12:14:48,617 basehttp "GET /static/css/style.css HTTP/1.1" 404 1853
WARNING 2025-05-23 12:15:07,731 basehttp "GET /static/css/style.css HTTP/1.1" 404 1853
WARNING 2025-05-23 12:15:12,981 basehttp "GET /static/css/style.css HTTP/1.1" 404 1853
WARNING 2025-05-23 12:15:15,752 basehttp "GET /static/css/style.css HTTP/1.1" 404 1853
WARNING 2025-05-23 12:15:19,804 basehttp "GET /static/css/style.css HTTP/1.1" 404 1853
WARNING 2025-05-23 12:15:22,068 basehttp "GET /static/css/style.css HTTP/1.1" 404 1853
WARNING 2025-05-23 12:18:27,752 basehttp "GET /static/css/style.css HTTP/1.1" 404 1853
WARNING 2025-05-23 12:18:30,499 basehttp "GET /static/css/style.css HTTP/1.1" 404 1853
WARNING 2025-05-23 12:18:59,725 basehttp "GET /static/css/style.css HTTP/1.1" 404 1853
WARNING 2025-05-23 12:19:14,482 basehttp "GET /static/css/style.css HTTP/1.1" 404 1853
WARNING 2025-05-23 12:19:20,023 basehttp "GET /static/css/style.css HTTP/1.1" 404 1853
WARNING 2025-05-23 12:20:17,128 basehttp "GET /static/css/style.css HTTP/1.1" 404 1853
ERROR 2025-05-23 12:22:06,011 log Internal Server Error: /metas/
Traceback (most recent call last):
  File "/home/suporte/dev/minhacarteira/venv/lib/python3.10/site-packages/django/core/handlers/exception.py", line 55, in inner
    response = get_response(request)
  File "/home/suporte/dev/minhacarteira/venv/lib/python3.10/site-packages/django/core/handlers/base.py", line 197, in _get_response
    response = wrapped_callback(request, *callback_args, **callback_kwargs)
  File "/home/suporte/dev/minhacarteira/venv/lib/python3.10/site-packages/django/contrib/auth/decorators.py", line 59, in _view_wrapper
    return view_func(request, *args, **kwargs)
  File "/home/suporte/dev/minhacarteira/cal/views/views_meta.py", line 18, in metas_dashboard
    mes_atual = hoje.month
UnboundLocalError: local variable 'hoje' referenced before assignment
ERROR 2025-05-23 12:22:06,012 basehttp "GET /metas/ HTTP/1.1" 500 75050
WARNING 2025-05-23 12:24:09,212 basehttp "GET /static/css/style.css HTTP/1.1" 404 1853
WARNING 2025-05-23 12:26:18,633 basehttp "GET /static/css/style.css HTTP/1.1" 404 1853
WARNING 2025-05-23 12:26:45,787 basehttp "GET /static/css/style.css HTTP/1.1" 404 1853
WARNING 2025-05-23 12:26:46,905 basehttp "GET /static/css/style.css HTTP/1.1" 404 1853
WARNING 2025-05-23 12:28:22,397 basehttp "GET /static/css/style.css HTTP/1.1" 404 1853
WARNING 2025-05-23 12:28:23,615 basehttp "GET /static/css/style.css HTTP/1.1" 404 1853
WARNING 2025-05-23 12:29:14,246 basehttp "GET /static/css/style.css HTTP/1.1" 404 1853
WARNING 2025-05-23 12:29:16,695 basehttp "GET /static/css/style.css HTTP/1.1" 404 1853
WARNING 2025-05-23 12:29:17,834 basehttp "GET /static/css/style.css HTTP/1.1" 404 1853
WARNING 2025-05-23 12:29:59,600 basehttp "GET /static/css/style.css HTTP/1.1" 404 1853
WARNING 2025-05-23 12:30:18,406 basehttp "GET /static/css/style.css HTTP/1.1" 404 1853
WARNING 2025-05-23 12:31:07,129 basehttp "GET /static/css/style.css HTTP/1.1" 404 1853
WARNING 2025-05-23 12:32:40,936 basehttp "GET /static/css/style.css HTTP/1.1" 404 1853
WARNING 2025-05-23 12:35:31,313 basehttp "GET /static/css/style.css HTTP/1.1" 404 1853
WARNING 2025-05-23 12:35:34,501 basehttp "GET /static/css/style.css HTTP/1.1" 404 1853
WARNING 2025-05-23 12:35:40,413 basehttp "GET /static/css/style.css HTTP/1.1" 404 1853
WARNING 2025-05-23 12:36:03,177 basehttp "GET /static/css/style.css HTTP/1.1" 404 1853
WARNING 2025-05-23 12:36:04,323 basehttp "GET /static/css/style.css HTTP/1.1" 404 1853
WARNING 2025-05-23 12:36:38,536 basehttp "GET /static/css/style.css HTTP/1.1" 404 1853
WARNING 2025-05-24 08:20:17,966 basehttp "GET /static/css/style.css HTTP/1.1" 404 1853
WARNING 2025-05-24 08:21:51,575 basehttp "GET /static/css/style.css HTTP/1.1" 404 1853
WARNING 2025-05-24 08:21:55,740 basehttp "GET /static/css/style.css HTTP/1.1" 404 1853
WARNING 2025-05-24 08:22:05,291 basehttp "GET /static/css/style.css HTTP/1.1" 404 1853
WARNING 2025-05-24 08:22:41,585 basehttp "GET /static/css/style.css HTTP/1.1" 404 1853
WARNING 2025-05-24 08:29:17,033 basehttp "GET /static/css/style.css HTTP/1.1" 404 1853
WARNING 2025-05-24 08:29:20,777 basehttp "GET /static/css/style.css HTTP/1.1" 404 1853
WARNING 2025-05-24 08:29:22,059 basehttp "GET /static/css/style.css HTTP/1.1" 404 1853
WARNING 2025-05-24 08:29:23,566 basehttp "GET /static/css/style.css HTTP/1.1" 404 1853
WARNING 2025-05-24 08:29:25,853 basehttp "GET /static/css/style.css HTTP/1.1" 404 1853
WARNING 2025-05-24 08:29:26,880 basehttp "GET /static/css/style.css HTTP/1.1" 404 1853
WARNING 2025-05-24 09:19:42,639 basehttp "GET /static/css/style.css HTTP/1.1" 404 1853
WARNING 2025-05-24 09:19:55,886 basehttp "GET /static/css/style.css HTTP/1.1" 404 1853
WARNING 2025-05-24 09:19:58,435 basehttp "GET /static/css/style.css HTTP/1.1" 404 1853
WARNING 2025-05-24 09:20:00,704 basehttp "GET /static/css/style.css HTTP/1.1" 404 1853
WARNING 2025-05-24 09:20:02,943 basehttp "GET /static/css/style.css HTTP/1.1" 404 1853
WARNING 2025-05-24 09:20:04,731 basehttp "GET /static/css/style.css HTTP/1.1" 404 1853
WARNING 2025-05-24 09:20:06,044 basehttp "GET /static/css/style.css HTTP/1.1" 404 1853
WARNING 2025-05-24 09:20:08,431 basehttp "GET /static/css/style.css HTTP/1.1" 404 1853
WARNING 2025-05-24 09:20:12,329 basehttp "GET /static/css/style.css HTTP/1.1" 404 1853
WARNING 2025-05-24 09:20:14,304 basehttp "GET /static/css/style.css HTTP/1.1" 404 1853
WARNING 2025-05-24 09:20:17,505 basehttp "GET /static/css/style.css HTTP/1.1" 404 1853
WARNING 2025-05-24 09:20:19,405 basehttp "GET /static/css/style.css HTTP/1.1" 404 1853
WARNING 2025-05-24 09:20:20,349 basehttp "GET /static/css/style.css HTTP/1.1" 404 1853
WARNING 2025-05-24 09:20:22,212 basehttp "GET /static/css/style.css HTTP/1.1" 404 1853
WARNING 2025-05-24 09:27:24,240 basehttp "GET /static/css/style.css HTTP/1.1" 404 1853
WARNING 2025-05-24 09:27:32,262 basehttp "GET /static/css/style.css HTTP/1.1" 404 1853
ERROR 2025-05-24 09:27:37,001 log Internal Server Error: /metas/
Traceback (most recent call last):
  File "/home/suporte/dev/minhacarteira/venv/lib/python3.10/site-packages/django/db/backends/utils.py", line 105, in _execute
    return self.cursor.execute(sql, params)
  File "/home/suporte/dev/minhacarteira/venv/lib/python3.10/site-packages/django/db/backends/sqlite3/base.py", line 360, in execute
    return super().execute(query, params)
sqlite3.IntegrityError: UNIQUE constraint failed: cal_metacategoria.user_id, cal_metacategoria.categoria_id, cal_metacategoria.mes, cal_metacategoria.ano

The above exception was the direct cause of the following exception:

Traceback (most recent call last):
  File "/home/suporte/dev/minhacarteira/venv/lib/python3.10/site-packages/django/core/handlers/exception.py", line 55, in inner
    response = get_response(request)
  File "/home/suporte/dev/minhacarteira/venv/lib/python3.10/site-packages/django/core/handlers/base.py", line 197, in _get_response
    response = wrapped_callback(request, *callback_args, **callback_kwargs)
  File "/home/suporte/dev/minhacarteira/venv/lib/python3.10/site-packages/django/contrib/auth/decorators.py", line 59, in _view_wrapper
    return view_func(request, *args, **kwargs)
  File "/home/suporte/dev/minhacarteira/cal/views/views_meta.py", line 43, in metas_dashboard
    meta.save()
  File "/home/suporte/dev/minhacarteira/venv/lib/python3.10/site-packages/django/db/models/base.py", line 902, in save
    self.save_base(
  File "/home/suporte/dev/minhacarteira/venv/lib/python3.10/site-packages/django/db/models/base.py", line 1008, in save_base
    updated = self._save_table(
  File "/home/suporte/dev/minhacarteira/venv/lib/python3.10/site-packages/django/db/models/base.py", line 1169, in _save_table
    results = self._do_insert(
  File "/home/suporte/dev/minhacarteira/venv/lib/python3.10/site-packages/django/db/models/base.py", line 1210, in _do_insert
    return manager._insert(
  File "/home/suporte/dev/minhacarteira/venv/lib/python3.10/site-packages/django/db/models/manager.py", line 87, in manager_method
    return getattr(self.get_queryset(), name)(*args, **kwargs)
  File "/home/suporte/dev/minhacarteira/venv/lib/python3.10/site-packages/django/db/models/query.py", line 1864, in _insert
    return query.get_compiler(using=using).execute_sql(returning_fields)
  File "/home/suporte/dev/minhacarteira/venv/lib/python3.10/site-packages/django/db/models/sql/compiler.py", line 1882, in execute_sql
    cursor.execute(sql, params)
  File "/home/suporte/dev/minhacarteira/venv/lib/python3.10/site-packages/django/db/backends/utils.py", line 122, in execute
    return super().execute(sql, params)
  File "/home/suporte/dev/minhacarteira/venv/lib/python3.10/site-packages/django/db/backends/utils.py", line 79, in execute
    return self._execute_with_wrappers(
  File "/home/suporte/dev/minhacarteira/venv/lib/python3.10/site-packages/django/db/backends/utils.py", line 92, in _execute_with_wrappers
    return executor(sql, params, many, context)
  File "/home/suporte/dev/minhacarteira/venv/lib/python3.10/site-packages/django/db/backends/utils.py", line 100, in _execute
    with self.db.wrap_database_errors:
  File "/home/suporte/dev/minhacarteira/venv/lib/python3.10/site-packages/django/db/utils.py", line 91, in __exit__
    raise dj_exc_value.with_traceback(traceback) from exc_value
  File "/home/suporte/dev/minhacarteira/venv/lib/python3.10/site-packages/django/db/backends/utils.py", line 105, in _execute
    return self.cursor.execute(sql, params)
  File "/home/suporte/dev/minhacarteira/venv/lib/python3.10/site-packages/django/db/backends/sqlite3/base.py", line 360, in execute
    return super().execute(query, params)
django.db.utils.IntegrityError: UNIQUE constraint failed: cal_metacategoria.user_id, cal_metacategoria.categoria_id, cal_metacategoria.mes, cal_metacategoria.ano
ERROR 2025-05-24 09:27:37,003 basehttp "POST /metas/ HTTP/1.1" 500 159510
WARNING 2025-05-24 09:31:01,132 basehttp "GET /static/css/style.css HTTP/1.1" 404 1853
WARNING 2025-05-24 09:31:02,178 basehttp "GET /static/css/style.css HTTP/1.1" 404 1853
WARNING 2025-05-24 09:31:15,036 basehttp "GET /static/css/style.css HTTP/1.1" 404 1853
WARNING 2025-05-24 09:31:15,649 basehttp "GET /static/css/style.css HTTP/1.1" 404 1853
WARNING 2025-05-24 09:31:21,693 basehttp "GET /static/css/style.css HTTP/1.1" 404 1853
WARNING 2025-05-24 09:31:47,272 basehttp "GET /static/css/style.css HTTP/1.1" 404 1853
WARNING 2025-05-24 09:31:49,603 basehttp "GET /static/css/style.css HTTP/1.1" 404 1853
WARNING 2025-05-24 09:31:57,606 basehttp "GET /static/css/style.css HTTP/1.1" 404 1853
WARNING 2025-05-24 09:32:05,336 basehttp "GET /static/css/style.css HTTP/1.1" 404 1853
WARNING 2025-05-24 09:32:09,357 basehttp "GET /static/css/style.css HTTP/1.1" 404 1853
WARNING 2025-05-24 09:32:13,883 basehttp "GET /static/css/style.css HTTP/1.1" 404 1853
WARNING 2025-05-24 09:36:05,135 basehttp "GET /static/css/style.css HTTP/1.1" 404 1853
WARNING 2025-05-24 09:43:35,231 basehttp "GET /static/css/style.css HTTP/1.1" 404 1853
WARNING 2025-05-24 09:45:30,312 basehttp "GET /static/css/style.css HTTP/1.1" 404 1853
WARNING 2025-05-24 09:45:42,377 basehttp "GET /static/css/style.css HTTP/1.1" 404 1853
WARNING 2025-05-24 09:46:48,548 basehttp "GET /static/css/style.css HTTP/1.1" 404 1853
WARNING 2025-05-24 09:49:48,958 basehttp "GET /static/css/style.css HTTP/1.1" 404 1853
WARNING 2025-05-24 09:49:49,700 basehttp "GET /static/css/style.css HTTP/1.1" 404 1853
WARNING 2025-05-24 09:50:42,228 basehttp "GET /static/css/style.css HTTP/1.1" 404 1853
WARNING 2025-05-24 09:51:03,183 basehttp "GET /static/css/style.css HTTP/1.1" 404 1853
WARNING 2025-05-24 09:51:04,742 basehttp "GET /static/css/style.css HTTP/1.1" 404 1853
WARNING 2025-05-24 09:52:56,553 basehttp "GET /static/css/style.css HTTP/1.1" 404 1853
WARNING 2025-05-24 09:52:59,304 basehttp "GET /static/css/style.css HTTP/1.1" 404 1853
WARNING 2025-05-24 09:53:01,008 basehttp "GET /static/css/style.css HTTP/1.1" 404 1853
WARNING 2025-05-24 09:53:06,585 basehttp "GET /static/css/style.css HTTP/1.1" 404 1853
WARNING 2025-05-24 09:57:09,530 basehttp "GET /static/css/style.css HTTP/1.1" 404 1853
WARNING 2025-05-24 09:57:10,811 basehttp "GET /static/css/style.css HTTP/1.1" 404 1853
WARNING 2025-05-24 09:57:12,127 basehttp "GET /static/css/style.css HTTP/1.1" 404 1853
WARNING 2025-05-24 09:57:17,230 basehttp "GET /static/css/style.css HTTP/1.1" 404 1853
WARNING 2025-05-24 09:57:18,741 basehttp "GET /static/css/style.css HTTP/1.1" 404 1853
WARNING 2025-05-24 09:57:21,669 basehttp "GET /static/css/style.css HTTP/1.1" 404 1853
WARNING 2025-05-24 09:57:23,008 basehttp "GET /static/css/style.css HTTP/1.1" 404 1853
WARNING 2025-05-24 09:58:04,511 basehttp "GET /static/css/style.css HTTP/1.1" 404 1853
WARNING 2025-05-24 09:58:05,580 basehttp "GET /static/css/style.css HTTP/1.1" 404 1853
WARNING 2025-05-24 10:00:24,557 basehttp "GET /static/css/style.css HTTP/1.1" 404 1853
WARNING 2025-05-24 10:00:25,241 basehttp "GET /static/css/style.css HTTP/1.1" 404 1853
WARNING 2025-05-24 10:00:26,202 basehttp "GET /static/css/style.css HTTP/1.1" 404 1853
WARNING 2025-05-24 10:00:57,756 basehttp "GET /static/css/style.css HTTP/1.1" 404 1853
WARNING 2025-05-24 10:00:58,453 basehttp "GET /static/css/style.css HTTP/1.1" 404 1853
WARNING 2025-05-24 10:00:59,167 basehttp "GET /static/css/style.css HTTP/1.1" 404 1853
WARNING 2025-05-24 10:00:59,689 basehttp "GET /static/css/style.css HTTP/1.1" 404 1853
WARNING 2025-05-24 10:01:01,129 basehttp "GET /static/css/style.css HTTP/1.1" 404 1853
WARNING 2025-05-24 10:01:02,432 basehttp "GET /static/css/style.css HTTP/1.1" 404 1853
WARNING 2025-05-24 10:01:50,244 basehttp "GET /static/css/style.css HTTP/1.1" 404 1853
WARNING 2025-05-24 10:01:51,796 basehttp "GET /static/css/style.css HTTP/1.1" 404 1853
WARNING 2025-05-24 10:01:53,020 basehttp "GET /static/css/style.css HTTP/1.1" 404 1853
WARNING 2025-05-24 10:03:45,139 basehttp "GET /static/css/style.css HTTP/1.1" 404 1853
WARNING 2025-05-24 10:03:46,159 basehttp "GET /static/css/style.css HTTP/1.1" 404 1853
WARNING 2025-05-24 10:04:55,435 basehttp "GET /static/css/style.css HTTP/1.1" 404 1853
WARNING 2025-05-24 10:04:56,418 basehttp "GET /static/css/style.css HTTP/1.1" 404 1853
WARNING 2025-05-24 10:04:58,539 basehttp "GET /static/css/style.css HTTP/1.1" 404 1853
WARNING 2025-05-24 10:04:59,391 basehttp "GET /static/css/style.css HTTP/1.1" 404 1853
WARNING 2025-05-24 10:05:00,678 basehttp "GET /static/css/style.css HTTP/1.1" 404 1853
WARNING 2025-05-24 10:05:03,721 basehttp "GET /static/css/style.css HTTP/1.1" 404 1853
WARNING 2025-05-24 10:05:05,012 basehttp "GET /static/css/style.css HTTP/1.1" 404 1853
WARNING 2025-05-24 10:08:11,958 basehttp "GET /static/css/style.css HTTP/1.1" 404 1853
WARNING 2025-05-24 10:08:12,895 basehttp "GET /static/css/style.css HTTP/1.1" 404 1853
WARNING 2025-05-24 10:08:14,730 basehttp "GET /static/css/style.css HTTP/1.1" 404 1853
WARNING 2025-05-24 10:08:15,783 basehttp "GET /static/css/style.css HTTP/1.1" 404 1853
WARNING 2025-05-24 10:08:38,466 basehttp "GET /static/css/style.css HTTP/1.1" 404 1853
WARNING 2025-05-24 10:17:10,329 basehttp "GET /static/css/style.css HTTP/1.1" 404 1853
WARNING 2025-05-24 10:17:11,456 basehttp "GET /static/css/style.css HTTP/1.1" 404 1853
WARNING 2025-05-24 10:17:58,935 basehttp "GET /static/css/style.css HTTP/1.1" 404 1853
WARNING 2025-05-24 10:18:00,288 basehttp "GET /static/css/style.css HTTP/1.1" 404 1853
